
> wrap-and-roll@0.0.0 start:admin
> nx run admin:dev --port=3001


> nx run admin:dev --port=3001

(node:2557) Warning: The 'NO_COLOR' env is ignored due to the 'FORCE_COLOR' env being set.
(Use `node --trace-warnings ...` to show where the warning was created)
(node:2565) Warning: The 'NO_COLOR' env is ignored due to the 'FORCE_COLOR' env being set.
(Use `node --trace-warnings ...` to show where the warning was created)
(node:2566) Warning: The 'NO_COLOR' env is ignored due to the 'FORCE_COLOR' env being set.
(Use `node --trace-warnings ...` to show where the warning was created)
▲ Next.js 16.1.7 (Turbopack)
- Local:         http://localhost:3001
- Network:       http://192.168.1.2:3001
- Environments: .env.local
✓ Starting...
✓ Ready in 3.4s
(node:3643) Warning: The 'NO_COLOR' env is ignored due to the 'FORCE_COLOR' env being set.
(Use `node --trace-warnings ...` to show where the warning was created)
 GET / 200 in 1008ms (compile: 706ms, proxy.ts: 66ms, render: 236ms)
 GET /api/auth/session 200 in 425ms (compile: 47ms, proxy.ts: 3ms, render: 375ms)
 GET /api/auth/session 200 in 141ms (compile: 1356µs, proxy.ts: 1434µs, render: 138ms)
(node:3656) Warning: The 'NO_COLOR' env is ignored due to the 'FORCE_COLOR' env being set.
(Use `node --trace-warnings ...` to show where the warning was created)
 GET /api/auth/session 200 in 146ms (compile: 3ms, proxy.ts: 3ms, render: 140ms)
 GET /api/auth/session 200 in 147ms (compile: 788µs, proxy.ts: 1179µs, render: 145ms)
 GET /api/nest/analytics/sales/daily 200 in 767ms (compile: 389ms, proxy.ts: 4ms, render: 374ms)
(node:3662) Warning: The 'NO_COLOR' env is ignored due to the 'FORCE_COLOR' env being set.
(Use `node --trace-warnings ...` to show where the warning was created)
 GET /api/nest/analytics/top-sellers?limit=8 200 in 986ms (compile: 390ms, proxy.ts: 4ms, render: 592ms)
 GET /api/nest/analytics/sales/daily 200 in 291ms (compile: 4ms, proxy.ts: 3ms, render: 284ms)
 GET /api/nest/analytics/pipeline 200 in 1095ms (compile: 390ms, proxy.ts: 4ms, render: 701ms)
 GET /api/nest/analytics/top-sellers?limit=8 200 in 276ms (compile: 1718µs, proxy.ts: 1889µs, render: 273ms)
 GET /api/nest/analytics/payments/reconciliation 200 in 1423ms (compile: 389ms, proxy.ts: 4ms, render: 1030ms)
 GET /api/nest/analytics/pipeline 200 in 380ms (compile: 1160µs, proxy.ts: 1007µs, render: 378ms)
(node:3668) Warning: The 'NO_COLOR' env is ignored due to the 'FORCE_COLOR' env being set.
(Use `node --trace-warnings ...` to show where the warning was created)
 GET /api/nest/orders/admin/dashboard-list?page=1&limit=20 200 in 1687ms (compile: 390ms, proxy.ts: 4ms, render: 1293ms)
 GET /api/nest/analytics/payments/reconciliation 200 in 619ms (compile: 4ms, proxy.ts: 2ms, render: 612ms)
 GET /api/nest/orders/admin/dashboard-list?page=1&limit=20 200 in 578ms (compile: 2ms, proxy.ts: 3ms, render: 573ms)
(node:3873) Warning: The 'NO_COLOR' env is ignored due to the 'FORCE_COLOR' env being set.
(Use `node --trace-warnings ...` to show where the warning was created)
 GET /api/nest/analytics/pipeline 200 in 454ms (compile: 19ms, proxy.ts: 11ms, render: 423ms)
 GET /api/nest/analytics/top-sellers?limit=8 200 in 573ms (compile: 21ms, proxy.ts: 10ms, render: 542ms)
 GET /api/nest/orders/admin/dashboard-list?page=1&limit=20 200 in 587ms (compile: 17ms, proxy.ts: 10ms, render: 561ms)
 GET /api/nest/analytics/sales/daily 200 in 593ms (compile: 19ms, proxy.ts: 10ms, render: 563ms)
 GET /api/nest/analytics/payments/reconciliation 200 in 942ms (compile: 20ms, proxy.ts: 7ms, render: 916ms)
(node:4086) Warning: The 'NO_COLOR' env is ignored due to the 'FORCE_COLOR' env being set.
(Use `node --trace-warnings ...` to show where the warning was created)
 GET /api/nest/analytics/top-sellers?limit=8 200 in 421ms (compile: 23ms, proxy.ts: 9ms, render: 389ms)
 GET /api/nest/analytics/sales/daily 200 in 464ms (compile: 24ms, proxy.ts: 9ms, render: 431ms)
 GET /api/nest/orders/admin/dashboard-list?page=1&limit=20 200 in 608ms (compile: 16ms, proxy.ts: 10ms, render: 582ms)
 GET /api/nest/analytics/pipeline 200 in 704ms (compile: 23ms, proxy.ts: 9ms, render: 672ms)
 GET /api/nest/analytics/payments/reconciliation 200 in 753ms (compile: 26ms, proxy.ts: 5ms, render: 722ms)
(node:4281) Warning: The 'NO_COLOR' env is ignored due to the 'FORCE_COLOR' env being set.
(Use `node --trace-warnings ...` to show where the warning was created)
 GET /api/nest/analytics/sales/daily 200 in 342ms (compile: 9ms, proxy.ts: 3ms, render: 330ms)
 GET /api/nest/analytics/top-sellers?limit=8 200 in 362ms (compile: 8ms, proxy.ts: 4ms, render: 350ms)
 GET /api/nest/analytics/pipeline 200 in 542ms (compile: 8ms, proxy.ts: 3ms, render: 531ms)
 GET /api/nest/orders/admin/dashboard-list?page=1&limit=20 200 in 571ms (compile: 7ms, proxy.ts: 2ms, render: 561ms)
 GET /api/nest/analytics/payments/reconciliation 200 in 757ms (compile: 9ms, proxy.ts: 3ms, render: 744ms)
(node:4487) Warning: The 'NO_COLOR' env is ignored due to the 'FORCE_COLOR' env being set.
(Use `node --trace-warnings ...` to show where the warning was created)
 GET /api/nest/analytics/sales/daily 200 in 424ms (compile: 17ms, proxy.ts: 5ms, render: 402ms)
 GET /api/nest/analytics/pipeline 200 in 481ms (compile: 16ms, proxy.ts: 9ms, render: 457ms)
 GET /api/nest/analytics/top-sellers?limit=8 200 in 575ms (compile: 17ms, proxy.ts: 8ms, render: 550ms)
 GET /api/nest/analytics/payments/reconciliation 200 in 744ms (compile: 17ms, proxy.ts: 6ms, render: 721ms)
 GET /api/nest/orders/admin/dashboard-list?page=1&limit=20 200 in 890ms (compile: 13ms, proxy.ts: 9ms, render: 868ms)
(node:4677) Warning: The 'NO_COLOR' env is ignored due to the 'FORCE_COLOR' env being set.
(Use `node --trace-warnings ...` to show where the warning was created)
 GET /api/nest/analytics/sales/daily 200 in 356ms (compile: 20ms, proxy.ts: 6ms, render: 330ms)
 GET /api/nest/analytics/pipeline 200 in 494ms (compile: 20ms, proxy.ts: 7ms, render: 468ms)
 GET /api/nest/orders/admin/dashboard-list?page=1&limit=20 200 in 637ms (compile: 17ms, proxy.ts: 8ms, render: 612ms)
 GET /api/nest/analytics/payments/reconciliation 200 in 777ms (compile: 20ms, proxy.ts: 6ms, render: 752ms)
 GET /api/nest/analytics/top-sellers?limit=8 200 in 1043ms (compile: 20ms, proxy.ts: 7ms, render: 1016ms)
(node:4896) Warning: The 'NO_COLOR' env is ignored due to the 'FORCE_COLOR' env being set.
(Use `node --trace-warnings ...` to show where the warning was created)
 GET /api/nest/analytics/top-sellers?limit=8 200 in 336ms (compile: 19ms, proxy.ts: 9ms, render: 308ms)
 GET /api/nest/analytics/sales/daily 200 in 416ms (compile: 19ms, proxy.ts: 9ms, render: 388ms)
 GET /api/nest/orders/admin/dashboard-list?page=1&limit=20 200 in 616ms (compile: 17ms, proxy.ts: 8ms, render: 592ms)
 GET /api/nest/analytics/pipeline 200 in 775ms (compile: 20ms, proxy.ts: 8ms, render: 748ms)
 GET /api/nest/analytics/payments/reconciliation 200 in 925ms (compile: 18ms, proxy.ts: 9ms, render: 899ms)
(node:5085) Warning: The 'NO_COLOR' env is ignored due to the 'FORCE_COLOR' env being set.
(Use `node --trace-warnings ...` to show where the warning was created)
 GET /api/nest/analytics/sales/daily 200 in 429ms (compile: 18ms, proxy.ts: 4ms, render: 407ms)
 GET /api/nest/analytics/top-sellers?limit=8 200 in 577ms (compile: 16ms, proxy.ts: 7ms, render: 554ms)
 GET /api/nest/analytics/pipeline 200 in 596ms (compile: 15ms, proxy.ts: 8ms, render: 573ms)
 GET /api/nest/orders/admin/dashboard-list?page=1&limit=20 200 in 631ms (compile: 13ms, proxy.ts: 10ms, render: 609ms)
 GET /api/nest/analytics/payments/reconciliation 200 in 1478ms (compile: 20ms, proxy.ts: 4ms, render: 1455ms)
(node:5272) Warning: The 'NO_COLOR' env is ignored due to the 'FORCE_COLOR' env being set.
(Use `node --trace-warnings ...` to show where the warning was created)
 GET /api/nest/analytics/sales/daily 200 in 417ms (compile: 19ms, proxy.ts: 6ms, render: 392ms)
 GET /api/nest/analytics/top-sellers?limit=8 200 in 437ms (compile: 18ms, proxy.ts: 7ms, render: 413ms)
 GET /api/nest/analytics/pipeline 200 in 441ms (compile: 14ms, proxy.ts: 7ms, render: 420ms)
 GET /api/nest/orders/admin/dashboard-list?page=1&limit=20 200 in 705ms (compile: 16ms, proxy.ts: 7ms, render: 681ms)
 GET /api/nest/analytics/payments/reconciliation 200 in 807ms (compile: 20ms, proxy.ts: 4ms, render: 783ms)
(node:5460) Warning: The 'NO_COLOR' env is ignored due to the 'FORCE_COLOR' env being set.
(Use `node --trace-warnings ...` to show where the warning was created)
 GET /api/nest/analytics/top-sellers?limit=8 200 in 352ms (compile: 15ms, proxy.ts: 3ms, render: 334ms)
 GET /api/nest/analytics/sales/daily 200 in 425ms (compile: 17ms, proxy.ts: 4ms, render: 405ms)
 GET /api/nest/analytics/pipeline 200 in 558ms (compile: 13ms, proxy.ts: 3ms, render: 541ms)
 GET /api/nest/orders/admin/dashboard-list?page=1&limit=20 200 in 587ms (compile: 9ms, proxy.ts: 3ms, render: 575ms)
 GET /api/nest/analytics/payments/reconciliation 200 in 896ms (compile: 18ms, proxy.ts: 4ms, render: 875ms)
(node:5648) Warning: The 'NO_COLOR' env is ignored due to the 'FORCE_COLOR' env being set.
(Use `node --trace-warnings ...` to show where the warning was created)
 GET /api/nest/analytics/top-sellers?limit=8 200 in 410ms (compile: 20ms, proxy.ts: 7ms, render: 383ms)
 GET /api/nest/analytics/pipeline 200 in 434ms (compile: 15ms, proxy.ts: 8ms, render: 411ms)
 GET /api/nest/analytics/sales/daily 200 in 434ms (compile: 18ms, proxy.ts: 8ms, render: 408ms)
 GET /api/nest/orders/admin/dashboard-list?page=1&limit=20 200 in 722ms (compile: 20ms, proxy.ts: 7ms, render: 695ms)
 GET /api/nest/analytics/payments/reconciliation 200 in 867ms (compile: 21ms, proxy.ts: 8ms, render: 839ms)
(node:5836) Warning: The 'NO_COLOR' env is ignored due to the 'FORCE_COLOR' env being set.
(Use `node --trace-warnings ...` to show where the warning was created)
 GET /api/nest/analytics/sales/daily 200 in 494ms (compile: 11ms, proxy.ts: 3ms, render: 480ms)
 GET /api/nest/analytics/pipeline 200 in 556ms (compile: 9ms, proxy.ts: 2ms, render: 545ms)
 GET /api/nest/analytics/top-sellers?limit=8 200 in 635ms (compile: 11ms, proxy.ts: 2ms, render: 622ms)
 GET /api/nest/analytics/payments/reconciliation 200 in 864ms (compile: 12ms, proxy.ts: 3ms, render: 850ms)
 GET /api/nest/orders/admin/dashboard-list?page=1&limit=20 200 in 1130ms (compile: 7ms, proxy.ts: 2ms, render: 1121ms)
(node:6049) Warning: The 'NO_COLOR' env is ignored due to the 'FORCE_COLOR' env being set.
(Use `node --trace-warnings ...` to show where the warning was created)
 GET /api/nest/analytics/top-sellers?limit=8 200 in 420ms (compile: 17ms, proxy.ts: 7ms, render: 397ms)
 GET /api/nest/analytics/sales/daily 200 in 425ms (compile: 17ms, proxy.ts: 6ms, render: 402ms)
 GET /api/nest/analytics/pipeline 200 in 537ms (compile: 15ms, proxy.ts: 9ms, render: 513ms)
 GET /api/nest/orders/admin/dashboard-list?page=1&limit=20 200 in 592ms (compile: 13ms, proxy.ts: 10ms, render: 569ms)
 GET /api/nest/analytics/payments/reconciliation 200 in 667ms (compile: 16ms, proxy.ts: 6ms, render: 645ms)
(node:6245) Warning: The 'NO_COLOR' env is ignored due to the 'FORCE_COLOR' env being set.
(Use `node --trace-warnings ...` to show where the warning was created)
 GET /api/nest/analytics/sales/daily 200 in 377ms (compile: 18ms, proxy.ts: 9ms, render: 350ms)
 GET /api/nest/analytics/top-sellers?limit=8 200 in 414ms (compile: 21ms, proxy.ts: 7ms, render: 386ms)
 GET /api/nest/analytics/pipeline 200 in 496ms (compile: 20ms, proxy.ts: 8ms, render: 468ms)
 GET /api/nest/orders/admin/dashboard-list?page=1&limit=20 200 in 611ms (compile: 16ms, proxy.ts: 8ms, render: 587ms)
 GET /api/nest/analytics/payments/reconciliation 200 in 797ms (compile: 19ms, proxy.ts: 7ms, render: 771ms)
(node:6439) Warning: The 'NO_COLOR' env is ignored due to the 'FORCE_COLOR' env being set.
(Use `node --trace-warnings ...` to show where the warning was created)
 GET /api/nest/analytics/sales/daily 200 in 483ms (compile: 17ms, proxy.ts: 13ms, render: 453ms)
 GET /api/nest/analytics/top-sellers?limit=8 200 in 496ms (compile: 16ms, proxy.ts: 13ms, render: 466ms)
 GET /api/nest/orders/admin/dashboard-list?page=1&limit=20 200 in 640ms (compile: 17ms, proxy.ts: 10ms, render: 613ms)
 GET /api/nest/analytics/pipeline 200 in 715ms (compile: 20ms, proxy.ts: 10ms, render: 685ms)
 GET /api/nest/analytics/payments/reconciliation 200 in 816ms (compile: 18ms, proxy.ts: 7ms, render: 792ms)
(node:6641) Warning: The 'NO_COLOR' env is ignored due to the 'FORCE_COLOR' env being set.
(Use `node --trace-warnings ...` to show where the warning was created)
 GET /api/nest/analytics/sales/daily 200 in 1963ms (compile: 18ms, proxy.ts: 8ms, render: 1937ms)
 GET /api/nest/analytics/top-sellers?limit=8 200 in 1993ms (compile: 18ms, proxy.ts: 8ms, render: 1967ms)
 GET /api/nest/analytics/pipeline 200 in 2.2s (compile: 18ms, proxy.ts: 6ms, render: 2.1s)
 GET /api/nest/orders/admin/dashboard-list?page=1&limit=20 200 in 2.3s (compile: 16ms, proxy.ts: 6ms, render: 2.2s)
 GET /api/nest/analytics/payments/reconciliation 200 in 2.3s (compile: 18ms, proxy.ts: 6ms, render: 2.3s)
✓ Compiled in 350ms
 GET / 200 in 685ms (compile: 139ms, proxy.ts: 29ms, render: 517ms)
(node:6815) Warning: The 'NO_COLOR' env is ignored due to the 'FORCE_COLOR' env being set.
(Use `node --trace-warnings ...` to show where the warning was created)
 GET /api/nest/analytics/top-sellers?limit=8 200 in 968ms (compile: 125ms, proxy.ts: 508ms, render: 335ms)
 GET /api/nest/analytics/pipeline 200 in 1045ms (compile: 601ms, proxy.ts: 16ms, render: 428ms)
 GET /api/nest/analytics/sales/daily 200 in 1059ms (compile: 124ms, proxy.ts: 514ms, render: 422ms)
 GET /api/nest/orders/admin/dashboard-list?page=1&limit=20 200 in 1297ms (compile: 614ms, proxy.ts: 22ms, render: 661ms)
 GET /api/nest/analytics/payments/reconciliation 200 in 871ms (compile: 96ms, proxy.ts: 44ms, render: 731ms)
(node:6848) Warning: The 'NO_COLOR' env is ignored due to the 'FORCE_COLOR' env being set.
(Use `node --trace-warnings ...` to show where the warning was created)
 GET / 200 in 488ms (compile: 181ms, proxy.ts: 33ms, render: 274ms)
✓ Compiled in 0ms
 GET /api/nest/analytics/top-sellers?limit=8 200 in 1786ms (compile: 39ms, proxy.ts: 17ms, render: 1730ms)
 GET /api/nest/analytics/sales/daily 200 in 1787ms (compile: 336ms, proxy.ts: 17ms, render: 1435ms)
 GET /api/nest/analytics/pipeline 200 in 1791ms (compile: 37ms, proxy.ts: 17ms, render: 1737ms)
 GET /api/nest/orders/admin/dashboard-list?page=1&limit=20 200 in 1800ms (compile: 34ms, proxy.ts: 22ms, render: 1743ms)
 GET /api/nest/analytics/payments/reconciliation 200 in 1793ms (compile: 41ms, proxy.ts: 16ms, render: 1735ms)
 GET / 200 in 1345ms (compile: 84ms, proxy.ts: 31ms, render: 1231ms)
 GET /api/auth/session 200 in 340ms (compile: 8ms, proxy.ts: 3ms, render: 329ms)
 GET /api/auth/session 200 in 158ms (compile: 1200µs, proxy.ts: 1971µs, render: 155ms)
(node:6872) Warning: The 'NO_COLOR' env is ignored due to the 'FORCE_COLOR' env being set.
(Use `node --trace-warnings ...` to show where the warning was created)
 GET /api/auth/session 200 in 148ms (compile: 2ms, proxy.ts: 1791µs, render: 144ms)
 GET /api/auth/session 200 in 143ms (compile: 700µs, proxy.ts: 862µs, render: 142ms)
 GET /api/nest/analytics/sales/daily 200 in 489ms (compile: 11ms, proxy.ts: 3ms, render: 475ms)
 GET /api/nest/analytics/top-sellers?limit=8 200 in 495ms (compile: 10ms, proxy.ts: 4ms, render: 481ms)
(node:6878) Warning: The 'NO_COLOR' env is ignored due to the 'FORCE_COLOR' env being set.
(Use `node --trace-warnings ...` to show where the warning was created)
 GET /api/nest/analytics/pipeline 200 in 796ms (compile: 9ms, proxy.ts: 4ms, render: 782ms)
 GET /api/nest/orders/admin/dashboard-list?page=1&limit=20 200 in 838ms (compile: 8ms, proxy.ts: 5ms, render: 826ms)
 GET /api/nest/analytics/top-sellers?limit=8 200 in 373ms (compile: 5ms, proxy.ts: 1210µs, render: 366ms)
 GET /api/nest/analytics/sales/daily 200 in 400ms (compile: 6ms, proxy.ts: 1744µs, render: 392ms)
 GET /api/nest/analytics/payments/reconciliation 200 in 1061ms (compile: 11ms, proxy.ts: 4ms, render: 1046ms)
(node:6879) Warning: The 'NO_COLOR' env is ignored due to the 'FORCE_COLOR' env being set.
(Use `node --trace-warnings ...` to show where the warning was created)
 GET /api/nest/analytics/pipeline 200 in 434ms (compile: 3ms, proxy.ts: 6ms, render: 425ms)
 GET /api/nest/orders/admin/dashboard-list?page=1&limit=20 200 in 572ms (compile: 4ms, proxy.ts: 1918µs, render: 566ms)
 GET /api/nest/analytics/payments/reconciliation 200 in 721ms (compile: 5ms, proxy.ts: 3ms, render: 713ms)
✓ Compiled in 1ms
 GET / 200 in 2.2s (compile: 128ms, proxy.ts: 28ms, render: 2.1s)
 GET / 200 in 1984ms (compile: 18ms, proxy.ts: 20ms, render: 1946ms)
 GET /api/auth/session 200 in 209ms (compile: 5ms, proxy.ts: 2ms, render: 202ms)
 GET /api/auth/session 200 in 189ms (compile: 5ms, proxy.ts: 7ms, render: 177ms)
(node:6922) Warning: The 'NO_COLOR' env is ignored due to the 'FORCE_COLOR' env being set.
(Use `node --trace-warnings ...` to show where the warning was created)
 GET /api/auth/session 200 in 179ms (compile: 7ms, proxy.ts: 7ms, render: 164ms)
 GET /api/auth/session 200 in 159ms (compile: 1562µs, proxy.ts: 1582µs, render: 156ms)
 GET /api/nest/analytics/sales/daily 200 in 698ms (compile: 42ms, proxy.ts: 8ms, render: 648ms)
 GET /api/nest/analytics/top-sellers?limit=8 200 in 769ms (compile: 33ms, proxy.ts: 9ms, render: 727ms)
(node:6928) Warning: The 'NO_COLOR' env is ignored due to the 'FORCE_COLOR' env being set.
(Use `node --trace-warnings ...` to show where the warning was created)
 GET /api/nest/orders/admin/dashboard-list?page=1&limit=20 200 in 1088ms (compile: 23ms, proxy.ts: 12ms, render: 1054ms)
 GET /api/nest/analytics/pipeline 200 in 1153ms (compile: 30ms, proxy.ts: 11ms, render: 1112ms)
 GET /api/nest/analytics/top-sellers?limit=8 200 in 382ms (compile: 1616µs, proxy.ts: 1333µs, render: 379ms)
(node:6934) Warning: The 'NO_COLOR' env is ignored due to the 'FORCE_COLOR' env being set.
(Use `node --trace-warnings ...` to show where the warning was created)
 GET /api/nest/analytics/sales/daily 200 in 471ms (compile: 2ms, proxy.ts: 1028µs, render: 468ms)
 GET /api/nest/analytics/payments/reconciliation 200 in 1425ms (compile: 48ms, proxy.ts: 7ms, render: 1370ms)
 GET /api/nest/analytics/pipeline 200 in 429ms (compile: 1191µs, proxy.ts: 1040µs, render: 427ms)
 GET /api/nest/orders/admin/dashboard-list?page=1&limit=20 200 in 605ms (compile: 2ms, proxy.ts: 995µs, render: 602ms)
 GET /api/nest/analytics/payments/reconciliation 200 in 700ms (compile: 4ms, proxy.ts: 2ms, render: 694ms)
(node:7168) Warning: The 'NO_COLOR' env is ignored due to the 'FORCE_COLOR' env being set.
(Use `node --trace-warnings ...` to show where the warning was created)
 GET /api/nest/analytics/top-sellers?limit=8 200 in 372ms (compile: 10ms, proxy.ts: 3ms, render: 358ms)
 GET /api/nest/analytics/sales/daily 200 in 404ms (compile: 11ms, proxy.ts: 3ms, render: 390ms)
 GET /api/nest/orders/admin/dashboard-list?page=1&limit=20 200 in 584ms (compile: 6ms, proxy.ts: 3ms, render: 575ms)
 GET /api/nest/analytics/pipeline 200 in 617ms (compile: 9ms, proxy.ts: 3ms, render: 605ms)
 GET /api/nest/analytics/payments/reconciliation 200 in 741ms (compile: 9ms, proxy.ts: 3ms, render: 728ms)
(node:7357) Warning: The 'NO_COLOR' env is ignored due to the 'FORCE_COLOR' env being set.
(Use `node --trace-warnings ...` to show where the warning was created)
 GET /api/nest/analytics/sales/daily 200 in 352ms (compile: 20ms, proxy.ts: 6ms, render: 325ms)
 GET /api/nest/analytics/pipeline 200 in 542ms (compile: 20ms, proxy.ts: 6ms, render: 516ms)
 GET /api/nest/orders/admin/dashboard-list?page=1&limit=20 200 in 575ms (compile: 15ms, proxy.ts: 6ms, render: 555ms)
 GET /api/nest/analytics/top-sellers?limit=8 200 in 628ms (compile: 21ms, proxy.ts: 6ms, render: 602ms)
 GET /api/nest/analytics/payments/reconciliation 200 in 858ms (compile: 21ms, proxy.ts: 5ms, render: 831ms)
(node:7567) Warning: The 'NO_COLOR' env is ignored due to the 'FORCE_COLOR' env being set.
(Use `node --trace-warnings ...` to show where the warning was created)
 GET /api/nest/analytics/sales/daily 200 in 446ms (compile: 15ms, proxy.ts: 9ms, render: 423ms)
 GET /api/nest/analytics/pipeline 200 in 573ms (compile: 16ms, proxy.ts: 8ms, render: 550ms)
 GET /api/nest/analytics/top-sellers?limit=8 200 in 585ms (compile: 14ms, proxy.ts: 10ms, render: 560ms)
 GET /api/nest/orders/admin/dashboard-list?page=1&limit=20 200 in 592ms (compile: 13ms, proxy.ts: 8ms, render: 571ms)
 GET /api/nest/analytics/payments/reconciliation 200 in 832ms (compile: 15ms, proxy.ts: 4ms, render: 812ms)
(node:7814) Warning: The 'NO_COLOR' env is ignored due to the 'FORCE_COLOR' env being set.
(Use `node --trace-warnings ...` to show where the warning was created)
 GET /api/nest/analytics/sales/daily 200 in 283ms (compile: 9ms, proxy.ts: 5ms, render: 269ms)
 GET /api/nest/analytics/top-sellers?limit=8 200 in 285ms (compile: 6ms, proxy.ts: 4ms, render: 275ms)
 GET /api/nest/analytics/pipeline 200 in 446ms (compile: 8ms, proxy.ts: 4ms, render: 434ms)
 GET /api/nest/analytics/payments/reconciliation 200 in 743ms (compile: 11ms, proxy.ts: 5ms, render: 728ms)
 GET /api/nest/orders/admin/dashboard-list?page=1&limit=20 200 in 945ms (compile: 10ms, proxy.ts: 5ms, render: 930ms)
(node:8057) Warning: The 'NO_COLOR' env is ignored due to the 'FORCE_COLOR' env being set.
(Use `node --trace-warnings ...` to show where the warning was created)
 GET /api/nest/analytics/sales/daily 200 in 349ms (compile: 10ms, proxy.ts: 4ms, render: 335ms)
 GET /api/nest/analytics/top-sellers?limit=8 200 in 368ms (compile: 11ms, proxy.ts: 3ms, render: 354ms)
 GET /api/nest/analytics/pipeline 200 in 617ms (compile: 8ms, proxy.ts: 4ms, render: 606ms)
 GET /api/nest/analytics/payments/reconciliation 200 in 787ms (compile: 9ms, proxy.ts: 4ms, render: 774ms)
 GET /api/nest/orders/admin/dashboard-list?page=1&limit=20 200 in 1048ms (compile: 6ms, proxy.ts: 4ms, render: 1038ms)
(node:8314) Warning: The 'NO_COLOR' env is ignored due to the 'FORCE_COLOR' env being set.
(Use `node --trace-warnings ...` to show where the warning was created)
 GET /api/nest/analytics/sales/daily 200 in 459ms (compile: 20ms, proxy.ts: 5ms, render: 434ms)
 GET /api/nest/analytics/pipeline 200 in 481ms (compile: 19ms, proxy.ts: 7ms, render: 455ms)
 GET /api/nest/orders/admin/dashboard-list?page=1&limit=20 200 in 577ms (compile: 16ms, proxy.ts: 6ms, render: 555ms)
 GET /api/nest/analytics/top-sellers?limit=8 200 in 597ms (compile: 20ms, proxy.ts: 7ms, render: 571ms)
 GET /api/nest/analytics/payments/reconciliation 200 in 842ms (compile: 21ms, proxy.ts: 4ms, render: 816ms)
(node:9117) Warning: The 'NO_COLOR' env is ignored due to the 'FORCE_COLOR' env being set.
(Use `node --trace-warnings ...` to show where the warning was created)
 GET /api/nest/analytics/top-sellers?limit=8 200 in 345ms (compile: 27ms, proxy.ts: 5ms, render: 313ms)
 GET /api/nest/analytics/sales/daily 200 in 375ms (compile: 35ms, proxy.ts: 7ms, render: 334ms)
 GET /api/nest/analytics/pipeline 200 in 487ms (compile: 35ms, proxy.ts: 6ms, render: 447ms)
 GET /api/nest/orders/admin/dashboard-list?page=1&limit=20 200 in 696ms (compile: 32ms, proxy.ts: 5ms, render: 659ms)
 GET /api/nest/analytics/payments/reconciliation 200 in 703ms (compile: 34ms, proxy.ts: 5ms, render: 663ms)
(node:9751) Warning: The 'NO_COLOR' env is ignored due to the 'FORCE_COLOR' env being set.
(Use `node --trace-warnings ...` to show where the warning was created)
 GET /api/nest/analytics/sales/daily 200 in 939ms (compile: 14ms, proxy.ts: 6ms, render: 920ms)
 GET /api/nest/analytics/top-sellers?limit=8 200 in 944ms (compile: 13ms, proxy.ts: 6ms, render: 926ms)
 GET /api/nest/analytics/pipeline 200 in 1081ms (compile: 14ms, proxy.ts: 4ms, render: 1063ms)
 GET /api/nest/orders/admin/dashboard-list?page=1&limit=20 200 in 1161ms (compile: 11ms, proxy.ts: 5ms, render: 1145ms)
 GET /api/nest/analytics/payments/reconciliation 200 in 1372ms (compile: 21ms, proxy.ts: 5ms, render: 1347ms)
 GET / 200 in 337ms (compile: 219ms, proxy.ts: 35ms, render: 83ms)
 GET / 200 in 66ms (compile: 7ms, proxy.ts: 2ms, render: 57ms)
✓ Compiled in 0ms
 GET / 200 in 139ms (compile: 10ms, proxy.ts: 4ms, render: 125ms)
 GET / 200 in 34ms (compile: 3ms, proxy.ts: 13ms, render: 19ms)
 GET / 200 in 11ms (compile: 1230µs, proxy.ts: 1790µs, render: 8ms)
 GET / 200 in 17ms (compile: 1230µs, proxy.ts: 1294µs, render: 15ms)
 GET / 200 in 16ms (compile: 1184µs, proxy.ts: 1120µs, render: 14ms)
 GET / 200 in 11ms (compile: 1086µs, proxy.ts: 2ms, render: 7ms)
 GET / 200 in 26ms (compile: 1179µs, proxy.ts: 1233µs, render: 24ms)
 GET / 200 in 26ms (compile: 1311µs, proxy.ts: 1397µs, render: 23ms)
 GET / 200 in 17ms (compile: 1997µs, proxy.ts: 2ms, render: 13ms)
 GET / 200 in 14ms (compile: 1640µs, proxy.ts: 1149µs, render: 11ms)
 GET / 200 in 14ms (compile: 902µs, proxy.ts: 1326µs, render: 12ms)
 GET / 200 in 14ms (compile: 999µs, proxy.ts: 826µs, render: 12ms)
 GET / 200 in 20ms (compile: 940µs, proxy.ts: 1176µs, render: 18ms)
 GET / 200 in 22ms (compile: 1515µs, proxy.ts: 1570µs, render: 19ms)
 GET / 200 in 18ms (compile: 993µs, proxy.ts: 1146µs, render: 16ms)
 GET / 200 in 16ms (compile: 1290µs, proxy.ts: 1892µs, render: 13ms)
 GET / 200 in 16ms (compile: 1783µs, proxy.ts: 1779µs, render: 13ms)
 GET / 200 in 17ms (compile: 1660µs, proxy.ts: 1489µs, render: 14ms)
 GET / 200 in 25ms (compile: 1209µs, proxy.ts: 1094µs, render: 23ms)
 GET / 200 in 28ms (compile: 1790µs, proxy.ts: 1573µs, render: 24ms)
 GET / 200 in 21ms (compile: 2ms, proxy.ts: 1881µs, render: 17ms)
 GET / 200 in 16ms (compile: 1047µs, proxy.ts: 1095µs, render: 14ms)
 GET / 200 in 17ms (compile: 1221µs, proxy.ts: 1835µs, render: 14ms)
 GET / 200 in 16ms (compile: 1123µs, proxy.ts: 1260µs, render: 13ms)
 GET / 200 in 15ms (compile: 1201µs, proxy.ts: 1356µs, render: 13ms)
 GET / 200 in 17ms (compile: 992µs, proxy.ts: 1319µs, render: 15ms)
 GET / 200 in 18ms (compile: 1168µs, proxy.ts: 1362µs, render: 15ms)
 GET / 200 in 17ms (compile: 1587µs, proxy.ts: 2ms, render: 13ms)
 GET / 200 in 17ms (compile: 962µs, proxy.ts: 1378µs, render: 14ms)
 GET / 200 in 17ms (compile: 1570µs, proxy.ts: 1881µs, render: 13ms)
 GET / 200 in 17ms (compile: 978µs, proxy.ts: 1615µs, render: 15ms)
 GET / 200 in 17ms (compile: 1114µs, proxy.ts: 1648µs, render: 14ms)
 GET / 200 in 13ms (compile: 904µs, proxy.ts: 1056µs, render: 11ms)
 GET / 200 in 15ms (compile: 1656µs, proxy.ts: 1185µs, render: 12ms)
 GET / 200 in 14ms (compile: 915µs, proxy.ts: 937µs, render: 12ms)
 GET / 200 in 15ms (compile: 1041µs, proxy.ts: 1189µs, render: 13ms)
 GET / 200 in 15ms (compile: 936µs, proxy.ts: 1201µs, render: 13ms)
 GET / 200 in 17ms (compile: 1072µs, proxy.ts: 1573µs, render: 14ms)
 GET / 200 in 15ms (compile: 1210µs, proxy.ts: 2ms, render: 12ms)
 GET / 200 in 15ms (compile: 876µs, proxy.ts: 1384µs, render: 12ms)
 GET / 200 in 17ms (compile: 1052µs, proxy.ts: 1102µs, render: 14ms)
 GET / 200 in 20ms (compile: 1062µs, proxy.ts: 1347µs, render: 18ms)
 GET / 200 in 19ms (compile: 1027µs, proxy.ts: 1776µs, render: 16ms)
 GET / 200 in 8ms (compile: 1027µs, proxy.ts: 1362µs, render: 6ms)
(node:9961) Warning: The 'NO_COLOR' env is ignored due to the 'FORCE_COLOR' env being set.
(Use `node --trace-warnings ...` to show where the warning was created)
 GET /api/nest/analytics/sales/daily 200 in 347ms (compile: 32ms, proxy.ts: 4ms, render: 310ms)
 GET /api/nest/analytics/top-sellers?limit=8 200 in 389ms (compile: 31ms, proxy.ts: 4ms, render: 353ms)
 GET /api/nest/analytics/pipeline 200 in 509ms (compile: 29ms, proxy.ts: 5ms, render: 476ms)
 GET /api/nest/orders/admin/dashboard-list?page=1&limit=20 200 in 749ms (compile: 25ms, proxy.ts: 5ms, render: 720ms)
 GET /api/nest/analytics/payments/reconciliation 200 in 881ms (compile: 33ms, proxy.ts: 4ms, render: 844ms)
✓ Compiled in 126ms
✓ Compiled in 237ms
 GET / 200 in 379ms (compile: 30ms, proxy.ts: 61ms, render: 288ms)
 GET /api/auth/session 200 in 546ms (compile: 31ms, proxy.ts: 1930µs, render: 513ms)
 GET /api/auth/session 200 in 160ms (compile: 1138µs, proxy.ts: 1862µs, render: 157ms)
(node:10045) Warning: The 'NO_COLOR' env is ignored due to the 'FORCE_COLOR' env being set.
(Use `node --trace-warnings ...` to show where the warning was created)
 GET /api/auth/session 200 in 165ms (compile: 801µs, proxy.ts: 1181µs, render: 163ms)
 GET /api/nest/analytics/top-sellers?limit=8 200 in 327ms (compile: 9ms, proxy.ts: 4ms, render: 315ms)
 GET /api/nest/analytics/sales/daily 200 in 330ms (compile: 9ms, proxy.ts: 3ms, render: 317ms)
 GET /api/auth/session 200 in 163ms (compile: 726µs, proxy.ts: 1120µs, render: 161ms)
 GET /api/nest/analytics/pipeline 200 in 477ms (compile: 7ms, proxy.ts: 4ms, render: 466ms)
(node:10046) Warning: The 'NO_COLOR' env is ignored due to the 'FORCE_COLOR' env being set.
(Use `node --trace-warnings ...` to show where the warning was created)
 GET /api/nest/analytics/sales/daily 200 in 256ms (compile: 1339µs, proxy.ts: 1224µs, render: 253ms)
 GET /api/nest/analytics/top-sellers?limit=8 200 in 288ms (compile: 3ms, proxy.ts: 1466µs, render: 284ms)
 GET /api/nest/analytics/payments/reconciliation 200 in 816ms (compile: 10ms, proxy.ts: 3ms, render: 803ms)
(node:10052) Warning: The 'NO_COLOR' env is ignored due to the 'FORCE_COLOR' env being set.
(Use `node --trace-warnings ...` to show where the warning was created)
 GET /api/nest/analytics/pipeline 200 in 423ms (compile: 2ms, proxy.ts: 1093µs, render: 420ms)
 GET /api/nest/orders/admin/dashboard-list?page=1&limit=20 200 in 1131ms (compile: 6ms, proxy.ts: 5ms, render: 1120ms)
 GET /api/nest/analytics/payments/reconciliation 200 in 698ms (compile: 1930µs, proxy.ts: 960µs, render: 695ms)
 GET /api/nest/orders/admin/dashboard-list?page=1&limit=20 200 in 608ms (compile: 1034µs, proxy.ts: 911µs, render: 606ms)
(node:10255) Warning: The 'NO_COLOR' env is ignored due to the 'FORCE_COLOR' env being set.
(Use `node --trace-warnings ...` to show where the warning was created)
 GET /api/nest/analytics/sales/daily 200 in 327ms (compile: 13ms, proxy.ts: 3ms, render: 312ms)
 GET /api/nest/analytics/top-sellers?limit=8 200 in 344ms (compile: 12ms, proxy.ts: 3ms, render: 329ms)
 GET /api/nest/analytics/pipeline 200 in 481ms (compile: 11ms, proxy.ts: 5ms, render: 466ms)
 GET /api/nest/orders/admin/dashboard-list?page=1&limit=20 200 in 569ms (compile: 8ms, proxy.ts: 5ms, render: 557ms)
 GET /api/nest/analytics/payments/reconciliation 200 in 777ms (compile: 12ms, proxy.ts: 3ms, render: 762ms)
(node:10446) Warning: The 'NO_COLOR' env is ignored due to the 'FORCE_COLOR' env being set.
(Use `node --trace-warnings ...` to show where the warning was created)
 GET /api/nest/analytics/top-sellers?limit=8 200 in 474ms (compile: 12ms, proxy.ts: 4ms, render: 457ms)
 GET /api/nest/orders/admin/dashboard-list?page=1&limit=20 200 in 588ms (compile: 8ms, proxy.ts: 5ms, render: 574ms)
 GET /api/nest/analytics/pipeline 200 in 601ms (compile: 11ms, proxy.ts: 5ms, render: 585ms)
 GET /api/nest/analytics/sales/daily 200 in 616ms (compile: 13ms, proxy.ts: 4ms, render: 599ms)
 GET /api/nest/analytics/payments/reconciliation 200 in 638ms (compile: 14ms, proxy.ts: 3ms, render: 622ms)
(node:10687) Warning: The 'NO_COLOR' env is ignored due to the 'FORCE_COLOR' env being set.
(Use `node --trace-warnings ...` to show where the warning was created)
 GET /api/nest/analytics/sales/daily 200 in 1084ms (compile: 24ms, proxy.ts: 15ms, render: 1045ms)
 GET /api/nest/analytics/pipeline 200 in 1418ms (compile: 28ms, proxy.ts: 10ms, render: 1381ms)
 GET /api/nest/analytics/payments/reconciliation 200 in 1518ms (compile: 22ms, proxy.ts: 8ms, render: 1488ms)
 GET /api/nest/analytics/top-sellers?limit=8 200 in 1913ms (compile: 22ms, proxy.ts: 15ms, render: 1876ms)
 GET /api/nest/orders/admin/dashboard-list?page=1&limit=20 200 in 2.0s (compile: 23ms, proxy.ts: 11ms, render: 1996ms)
(node:10923) Warning: The 'NO_COLOR' env is ignored due to the 'FORCE_COLOR' env being set.
(Use `node --trace-warnings ...` to show where the warning was created)
 GET /api/nest/analytics/top-sellers?limit=8 200 in 345ms (compile: 19ms, proxy.ts: 14ms, render: 312ms)
 GET /api/nest/analytics/sales/daily 200 in 351ms (compile: 16ms, proxy.ts: 15ms, render: 320ms)
 GET /api/nest/analytics/pipeline 200 in 470ms (compile: 21ms, proxy.ts: 11ms, render: 437ms)
 GET /api/nest/orders/admin/dashboard-list?page=1&limit=20 200 in 549ms (compile: 19ms, proxy.ts: 11ms, render: 518ms)
 GET /api/nest/analytics/payments/reconciliation 200 in 854ms (compile: 16ms, proxy.ts: 9ms, render: 829ms)
✓ Compiled in 150ms
(node:11166) Warning: The 'NO_COLOR' env is ignored due to the 'FORCE_COLOR' env being set.
(Use `node --trace-warnings ...` to show where the warning was created)
 GET /api/nest/analytics/sales/daily 200 in 350ms (compile: 25ms, proxy.ts: 17ms, render: 308ms)
 GET /api/nest/analytics/pipeline 200 in 470ms (compile: 24ms, proxy.ts: 14ms, render: 432ms)
 GET /api/nest/analytics/top-sellers?limit=8 200 in 507ms (compile: 24ms, proxy.ts: 15ms, render: 468ms)
 GET /api/nest/analytics/payments/reconciliation 200 in 694ms (compile: 25ms, proxy.ts: 7ms, render: 662ms)
 GET /api/nest/orders/admin/dashboard-list?page=1&limit=20 200 in 759ms (compile: 25ms, proxy.ts: 9ms, render: 725ms)
 GET /dish-reviews 200 in 596ms (compile: 572ms, proxy.ts: 11ms, render: 13ms)
 GET /api/nest/admin/menu-item-reviews?page=1&limit=25 404 in 56ms (compile: 40ms, proxy.ts: 2ms, render: 14ms)
 GET /api/nest/admin/menu-item-reviews?page=1&limit=25 404 in 34ms (compile: 10ms, proxy.ts: 3ms, render: 22ms)
(node:11348) Warning: The 'NO_COLOR' env is ignored due to the 'FORCE_COLOR' env being set.
(Use `node --trace-warnings ...` to show where the warning was created)
 GET /api/auth/session 200 in 398ms (compile: 3ms, proxy.ts: 1926µs, render: 392ms)
 GET /api/auth/session 200 in 149ms (compile: 2ms, proxy.ts: 1924µs, render: 145ms)
 GET /customers 200 in 54ms (compile: 47ms, proxy.ts: 1082µs, render: 6ms)
(node:11378) Warning: The 'NO_COLOR' env is ignored due to the 'FORCE_COLOR' env being set.
(Use `node --trace-warnings ...` to show where the warning was created)
 GET /api/auth/session 200 in 153ms (compile: 1311µs, proxy.ts: 1199µs, render: 151ms)
 GET /api/auth/session 200 in 144ms (compile: 3ms, proxy.ts: 2ms, render: 139ms)
 GET /api/nest/customer/admin/list?page=1&limit=20&sortBy=createdAt&sortDir=desc 200 in 1197ms (compile: 3ms, proxy.ts: 2ms, render: 1193ms)
 GET /coupons 200 in 130ms (compile: 112ms, proxy.ts: 6ms, render: 13ms)
(node:11389) Warning: The 'NO_COLOR' env is ignored due to the 'FORCE_COLOR' env being set.
(Use `node --trace-warnings ...` to show where the warning was created)
 GET /coupons 200 in 32ms (compile: 4ms, proxy.ts: 11ms, render: 16ms)
 GET /api/auth/session 200 in 169ms (compile: 7ms, proxy.ts: 14ms, render: 148ms)
 GET /api/auth/session 200 in 162ms (compile: 735µs, proxy.ts: 920µs, render: 161ms)
 GET /api/nest/admin/coupons 200 in 448ms (compile: 24ms, proxy.ts: 17ms, render: 408ms)
(node:11392) Warning: The 'NO_COLOR' env is ignored due to the 'FORCE_COLOR' env being set.
(Use `node --trace-warnings ...` to show where the warning was created)
 GET /api/nest/admin/coupons 200 in 393ms (compile: 2ms, proxy.ts: 949µs, render: 390ms)
 GET /api/nest/customer/admin/list?page=1&limit=20&sortBy=createdAt&sortDir=desc 200 in 1000ms (compile: 6ms, proxy.ts: 3ms, render: 991ms)
 GET /dish-reviews 200 in 20ms (compile: 4ms, proxy.ts: 3ms, render: 13ms)
 GET /api/nest/admin/menu-item-reviews?page=1&limit=25 404 in 15ms (compile: 8ms, proxy.ts: 4ms, render: 3ms)
 GET /api/nest/admin/menu-item-reviews?page=1&limit=25 404 in 14ms (compile: 5ms, proxy.ts: 4ms, render: 5ms)
(node:11407) Warning: The 'NO_COLOR' env is ignored due to the 'FORCE_COLOR' env being set.
(Use `node --trace-warnings ...` to show where the warning was created)
 GET /api/auth/session 200 in 143ms (compile: 1399µs, proxy.ts: 3ms, render: 138ms)
 GET /api/auth/session 200 in 150ms (compile: 749µs, proxy.ts: 964µs, render: 148ms)
 GET /coupons 200 in 69ms (compile: 17ms, proxy.ts: 27ms, render: 24ms)
(node:11479) Warning: The 'NO_COLOR' env is ignored due to the 'FORCE_COLOR' env being set.
(Use `node --trace-warnings ...` to show where the warning was created)
 GET /api/auth/session 200 in 337ms (compile: 27ms, proxy.ts: 8ms, render: 302ms)
 GET /api/auth/session 200 in 153ms (compile: 1003µs, proxy.ts: 1646µs, render: 150ms)
 GET /api/nest/admin/coupons 200 in 527ms (compile: 50ms, proxy.ts: 8ms, render: 468ms)
(node:11485) Warning: The 'NO_COLOR' env is ignored due to the 'FORCE_COLOR' env being set.
(Use `node --trace-warnings ...` to show where the warning was created)
 GET /customers 200 in 10ms (compile: 2ms, proxy.ts: 1443µs, render: 6ms)
 GET /api/nest/admin/coupons 200 in 427ms (compile: 3ms, proxy.ts: 1044µs, render: 423ms)
 GET /api/auth/session 200 in 153ms (compile: 1580µs, proxy.ts: 1728µs, render: 150ms)
 GET /api/auth/session 200 in 154ms (compile: 1275µs, proxy.ts: 3ms, render: 151ms)
 GET /coupons 200 in 18ms (compile: 4ms, proxy.ts: 3ms, render: 11ms)
(node:11492) Warning: The 'NO_COLOR' env is ignored due to the 'FORCE_COLOR' env being set.
(Use `node --trace-warnings ...` to show where the warning was created)
 GET /api/auth/session 200 in 154ms (compile: 1916µs, proxy.ts: 4ms, render: 148ms)
 GET /api/auth/session 200 in 138ms (compile: 873µs, proxy.ts: 1396µs, render: 136ms)
 GET /api/nest/customer/admin/list?page=1&limit=20&sortBy=createdAt&sortDir=desc 200 in 1319ms (compile: 1785µs, proxy.ts: 1452µs, render: 1316ms)
 GET /api/nest/admin/coupons 200 in 416ms (compile: 8ms, proxy.ts: 4ms, render: 404ms)
(node:11498) Warning: The 'NO_COLOR' env is ignored due to the 'FORCE_COLOR' env being set.
(Use `node --trace-warnings ...` to show where the warning was created)
 GET /api/nest/admin/coupons 200 in 478ms (compile: 1446µs, proxy.ts: 870µs, render: 476ms)
 GET /api/nest/customer/admin/list?page=1&limit=20&sortBy=createdAt&sortDir=desc 200 in 950ms (compile: 2ms, proxy.ts: 1131µs, render: 947ms)
 GET /dish-reviews 200 in 54ms (compile: 11ms, proxy.ts: 9ms, render: 34ms)
 GET /api/nest/admin/menu-item-reviews?page=1&limit=25 404 in 68ms (compile: 51ms, proxy.ts: 13ms, render: 5ms)
 GET /api/nest/admin/menu-item-reviews?page=1&limit=25 404 in 6ms (compile: 1481µs, proxy.ts: 1033µs, render: 3ms)
(node:11509) Warning: The 'NO_COLOR' env is ignored due to the 'FORCE_COLOR' env being set.
(Use `node --trace-warnings ...` to show where the warning was created)
 GET /api/auth/session 200 in 198ms (compile: 7ms, proxy.ts: 4ms, render: 186ms)
 GET /api/auth/session 200 in 175ms (compile: 879µs, proxy.ts: 1136µs, render: 173ms)
 GET /coupons 200 in 13ms (compile: 1727µs, proxy.ts: 1379µs, render: 10ms)
(node:11515) Warning: The 'NO_COLOR' env is ignored due to the 'FORCE_COLOR' env being set.
(Use `node --trace-warnings ...` to show where the warning was created)
 GET /api/auth/session 200 in 144ms (compile: 1165µs, proxy.ts: 2ms, render: 141ms)
 GET /api/auth/session 200 in 149ms (compile: 1039µs, proxy.ts: 921µs, render: 147ms)
 GET /api/nest/admin/coupons 200 in 410ms (compile: 4ms, proxy.ts: 3ms, render: 402ms)
(node:11516) Warning: The 'NO_COLOR' env is ignored due to the 'FORCE_COLOR' env being set.
(Use `node --trace-warnings ...` to show where the warning was created)
 GET /api/nest/admin/coupons 200 in 403ms (compile: 2ms, proxy.ts: 1086µs, render: 400ms)
 GET /inventory 200 in 168ms (compile: 157ms, proxy.ts: 4ms, render: 7ms)
(node:11607) Warning: The 'NO_COLOR' env is ignored due to the 'FORCE_COLOR' env being set.
(Use `node --trace-warnings ...` to show where the warning was created)
 GET /api/nest/inventory?page=1&limit=20&sortBy=createdAt&sortDir=desc 200 in 328ms (compile: 7ms, proxy.ts: 5ms, render: 317ms)
 GET /api/auth/session 200 in 328ms (compile: 1740µs, proxy.ts: 3ms, render: 323ms)
 GET /api/auth/session 200 in 140ms (compile: 4ms, proxy.ts: 4ms, render: 132ms)
 GET /api/nest/inventory?page=1&limit=20&sortBy=createdAt&sortDir=desc 200 in 283ms (compile: 1875µs, proxy.ts: 1856µs, render: 280ms)
 GET /api/nest/inventory/overhead/list 200 in 838ms (compile: 10ms, proxy.ts: 4ms, render: 824ms)
(node:11613) Warning: The 'NO_COLOR' env is ignored due to the 'FORCE_COLOR' env being set.
(Use `node --trace-warnings ...` to show where the warning was created)
 GET /api/nest/inventory/overhead/list 200 in 268ms (compile: 5ms, proxy.ts: 3ms, render: 260ms)
 GET /dish-reviews 200 in 18ms (compile: 4ms, proxy.ts: 3ms, render: 11ms)
 GET /api/nest/admin/menu-item-reviews?page=1&limit=25 404 in 12ms (compile: 6ms, proxy.ts: 3ms, render: 4ms)
 GET /api/nest/admin/menu-item-reviews?page=1&limit=25 404 in 12ms (compile: 1984µs, proxy.ts: 1282µs, render: 9ms)
(node:11629) Warning: The 'NO_COLOR' env is ignored due to the 'FORCE_COLOR' env being set.
(Use `node --trace-warnings ...` to show where the warning was created)
 GET /api/auth/session 200 in 178ms (compile: 1642µs, proxy.ts: 2ms, render: 174ms)
 GET /api/auth/session 200 in 134ms (compile: 1290µs, proxy.ts: 1441µs, render: 131ms)
 GET /dish-reviews 200 in 43ms (compile: 5ms, proxy.ts: 10ms, render: 28ms)
 GET /api/nest/admin/menu-item-reviews?page=1&limit=25 404 in 13ms (compile: 4ms, proxy.ts: 3ms, render: 6ms)
✓ Compiled in 63ms
(node:12542) Warning: The 'NO_COLOR' env is ignored due to the 'FORCE_COLOR' env being set.
(Use `node --trace-warnings ...` to show where the warning was created)
 GET /api/nest/admin/menu-item-reviews?page=1&limit=25 404 in 9ms (compile: 4ms, proxy.ts: 3ms, render: 3ms)
✓ Compiled in 63ms
(node:12595) Warning: The 'NO_COLOR' env is ignored due to the 'FORCE_COLOR' env being set.
(Use `node --trace-warnings ...` to show where the warning was created)
 GET /api/nest/admin/menu-item-reviews?page=1&limit=25 404 in 8ms (compile: 3ms, proxy.ts: 1288µs, render: 3ms)
✓ Compiled in 65ms
(node:12654) Warning: The 'NO_COLOR' env is ignored due to the 'FORCE_COLOR' env being set.
(Use `node --trace-warnings ...` to show where the warning was created)
 GET /dish-reviews 200 in 297ms (compile: 77ms, proxy.ts: 1582µs, render: 218ms)
 GET /api/auth/session 200 in 340ms (compile: 1402µs, proxy.ts: 3ms, render: 336ms)
 GET /api/auth/session 200 in 145ms (compile: 1113µs, proxy.ts: 1751µs, render: 142ms)
 GET /api/nest/admin/menu-item-reviews?page=1&limit=25 404 in 9ms (compile: 4ms, proxy.ts: 1484µs, render: 3ms)
 GET /api/nest/admin/menu-item-reviews?page=1&limit=25 404 in 8ms (compile: 1816µs, proxy.ts: 1226µs, render: 5ms)
(node:12744) Warning: The 'NO_COLOR' env is ignored due to the 'FORCE_COLOR' env being set.
(Use `node --trace-warnings ...` to show where the warning was created)
 GET /api/auth/session 200 in 152ms (compile: 1054µs, proxy.ts: 1394µs, render: 150ms)
 GET /api/auth/session 200 in 146ms (compile: 677µs, proxy.ts: 861µs, render: 145ms)
 GET /pricing 200 in 171ms (compile: 158ms, proxy.ts: 5ms, render: 8ms)
(node:13043) Warning: The 'NO_COLOR' env is ignored due to the 'FORCE_COLOR' env being set.
(Use `node --trace-warnings ...` to show where the warning was created)
 GET /api/auth/session 200 in 238ms (compile: 8ms, proxy.ts: 5ms, render: 224ms)
 GET /api/auth/session 200 in 157ms (compile: 1064µs, proxy.ts: 1179µs, render: 155ms)
 GET /api/nest/admin/settings 200 in 1316ms (compile: 16ms, proxy.ts: 5ms, render: 1295ms)
(node:13054) Warning: The 'NO_COLOR' env is ignored due to the 'FORCE_COLOR' env being set.
(Use `node --trace-warnings ...` to show where the warning was created)
 GET /dish-reviews 200 in 9ms (compile: 1926µs, proxy.ts: 1276µs, render: 6ms)
 GET /api/nest/admin/settings 200 in 428ms (compile: 5ms, proxy.ts: 2ms, render: 420ms)
 GET /api/nest/admin/menu-item-reviews?page=1&limit=25 404 in 13ms (compile: 5ms, proxy.ts: 6ms, render: 2ms)
 GET /api/nest/admin/menu-item-reviews?page=1&limit=25 404 in 6ms (compile: 2ms, proxy.ts: 1039µs, render: 3ms)
(node:13055) Warning: The 'NO_COLOR' env is ignored due to the 'FORCE_COLOR' env being set.
(Use `node --trace-warnings ...` to show where the warning was created)
 GET /api/auth/session 200 in 149ms (compile: 1020µs, proxy.ts: 1335µs, render: 146ms)
 GET /api/auth/session 200 in 150ms (compile: 830µs, proxy.ts: 1062µs, render: 148ms)
 GET /api/nest/admin/menu-item-reviews?page=1&limit=25 404 in 29ms (compile: 13ms, proxy.ts: 6ms, render: 9ms)
(node:13530) Warning: The 'NO_COLOR' env is ignored due to the 'FORCE_COLOR' env being set.
(Use `node --trace-warnings ...` to show where the warning was created)
 GET /api/nest/admin/menu-item-reviews?page=1&limit=25 404 in 24ms (compile: 13ms, proxy.ts: 6ms, render: 5ms)
(node:13536) Warning: The 'NO_COLOR' env is ignored due to the 'FORCE_COLOR' env being set.
(Use `node --trace-warnings ...` to show where the warning was created)
 GET /api/nest/admin/menu-item-reviews?page=1&limit=25 404 in 5ms (compile: 1437µs, proxy.ts: 1466µs, render: 2ms)
 GET /api/nest/admin/menu-item-reviews?page=1&limit=25 404 in 7ms (compile: 3ms, proxy.ts: 1445µs, render: 1882µs)
(node:13537) Warning: The 'NO_COLOR' env is ignored due to the 'FORCE_COLOR' env being set.
(Use `node --trace-warnings ...` to show where the warning was created)
 GET /api/nest/admin/menu-item-reviews?page=1&limit=25 404 in 16ms (compile: 5ms, proxy.ts: 4ms, render: 7ms)
(node:14677) Warning: The 'NO_COLOR' env is ignored due to the 'FORCE_COLOR' env being set.
(Use `node --trace-warnings ...` to show where the warning was created)
⚠ Found a change in next.config.js. Restarting the server to apply the changes...
(node:15185) Warning: The 'NO_COLOR' env is ignored due to the 'FORCE_COLOR' env being set.
(Use `node --trace-warnings ...` to show where the warning was created)
(node:15190) Warning: The 'NO_COLOR' env is ignored due to the 'FORCE_COLOR' env being set.
(Use `node --trace-warnings ...` to show where the warning was created)
(node:15186) Warning: The 'NO_COLOR' env is ignored due to the 'FORCE_COLOR' env being set.
(Use `node --trace-warnings ...` to show where the warning was created)
(node:15188) Warning: The 'NO_COLOR' env is ignored due to the 'FORCE_COLOR' env being set.
(Use `node --trace-warnings ...` to show where the warning was created)
(node:15187) Warning: The 'NO_COLOR' env is ignored due to the 'FORCE_COLOR' env being set.
(Use `node --trace-warnings ...` to show where the warning was created)
(node:15189) Warning: The 'NO_COLOR' env is ignored due to the 'FORCE_COLOR' env being set.
(Use `node --trace-warnings ...` to show where the warning was created)
(node:15191) Warning: The 'NO_COLOR' env is ignored due to the 'FORCE_COLOR' env being set.
(Use `node --trace-warnings ...` to show where the warning was created)
▲ Next.js 16.1.7 (Turbopack)
- Local:         http://localhost:3001
- Network:       http://192.168.1.2:3001
- Environments: .env.local
✓ Starting...
✓ Ready in 1379ms
(node:15201) Warning: The 'NO_COLOR' env is ignored due to the 'FORCE_COLOR' env being set.
(Use `node --trace-warnings ...` to show where the warning was created)
(node:15205) Warning: The 'NO_COLOR' env is ignored due to the 'FORCE_COLOR' env being set.
(Use `node --trace-warnings ...` to show where the warning was created)
(node:15202) Warning: The 'NO_COLOR' env is ignored due to the 'FORCE_COLOR' env being set.
(Use `node --trace-warnings ...` to show where the warning was created)
(node:15203) Warning: The 'NO_COLOR' env is ignored due to the 'FORCE_COLOR' env being set.
(Use `node --trace-warnings ...` to show where the warning was created)
(node:15206) Warning: The 'NO_COLOR' env is ignored due to the 'FORCE_COLOR' env being set.
(Use `node --trace-warnings ...` to show where the warning was created)
(node:15204) Warning: The 'NO_COLOR' env is ignored due to the 'FORCE_COLOR' env being set.
(Use `node --trace-warnings ...` to show where the warning was created)
(node:15212) Warning: The 'NO_COLOR' env is ignored due to the 'FORCE_COLOR' env being set.
(Use `node --trace-warnings ...` to show where the warning was created)
 GET /dish-reviews 200 in 946ms (compile: 636ms, proxy.ts: 71ms, render: 239ms)
 GET /api/auth/session 200 in 388ms (compile: 42ms, proxy.ts: 1764µs, render: 344ms)
 GET /api/auth/session 200 in 147ms (compile: 1632µs, proxy.ts: 2ms, render: 143ms)
(node:15225) Warning: The 'NO_COLOR' env is ignored due to the 'FORCE_COLOR' env being set.
(Use `node --trace-warnings ...` to show where the warning was created)
 GET /api/auth/session 200 in 149ms (compile: 1609µs, proxy.ts: 3ms, render: 145ms)
 GET /api/auth/session 200 in 144ms (compile: 4ms, proxy.ts: 3ms, render: 137ms)
 GET /api/nest/admin/menu-item-reviews?page=1&limit=25 404 in 339ms (compile: 330ms, proxy.ts: 4ms, render: 5ms)
 GET /api/nest/admin/menu-item-reviews?page=1&limit=25 404 in 6ms (compile: 2ms, proxy.ts: 1056µs, render: 2ms)
(node:15226) Warning: The 'NO_COLOR' env is ignored due to the 'FORCE_COLOR' env being set.
(Use `node --trace-warnings ...` to show where the warning was created)
✓ Compiled in 107ms
 GET /api/nest/admin/menu-item-reviews?page=1&limit=25 404 in 22ms (compile: 4ms, proxy.ts: 12ms, render: 7ms)
✓ Compiled in 83ms
(node:17294) Warning: The 'NO_COLOR' env is ignored due to the 'FORCE_COLOR' env being set.
(Use `node --trace-warnings ...` to show where the warning was created)
 GET /api/nest/admin/menu-item-reviews?page=1&limit=25 404 in 18ms (compile: 3ms, proxy.ts: 1353µs, render: 13ms)
✓ Compiled in 81ms
(node:17312) Warning: The 'NO_COLOR' env is ignored due to the 'FORCE_COLOR' env being set.
(Use `node --trace-warnings ...` to show where the warning was created)
 GET /api/nest/admin/menu-item-reviews?page=1&limit=25 404 in 6ms (compile: 1912µs, proxy.ts: 1192µs, render: 3ms)
✓ Compiled in 52ms
(node:17320) Warning: The 'NO_COLOR' env is ignored due to the 'FORCE_COLOR' env being set.
(Use `node --trace-warnings ...` to show where the warning was created)
 GET /api/nest/admin/menu-item-reviews?page=1&limit=25 404 in 18ms (compile: 7ms, proxy.ts: 5ms, render: 6ms)
(node:17398) Warning: The 'NO_COLOR' env is ignored due to the 'FORCE_COLOR' env being set.
(Use `node --trace-warnings ...` to show where the warning was created)
Task "admin:dev" is continuous but exited with code 0



 NX   Running target dev for project admin failed

Failed tasks:

- admin:dev

Hint: run the command with --verbose for more details.

