
> wrap-and-roll@0.0.0 start:api
> npm run ensure:redis:local && npx nx build api && DOTENV_CONFIG_PATH=services/api/.env PORT=4000 node -r dotenv/config dist/services/api/main.js


> wrap-and-roll@0.0.0 ensure:redis:local
> bash scripts/dev/ensure-local-redis.sh

[redis] already running on port 6379; preserving existing instance.

 NX   Nx Daemon was not able to compute the project graph.

Log file with the error: /Users/chamal/Desktop/Wrap & Roll/.nx/workspace-data/d/daemon-error.log
Please file an issue at https://github.com/nrwl/nx
Nx Daemon is going to be disabled until you run "nx reset".


 NX   Running target build for project api and 2 tasks it depends on:



> nx run @wrap-roll/contracts:build

> tsc -p libs/contracts/tsconfig.lib.json


> nx run @wrap-roll/order-kit:build

> tsc -p libs/order-kit/tsconfig.lib.json


> nx run api:build:production

(node:2608) Warning: The 'NO_COLOR' env is ignored due to the 'FORCE_COLOR' env being set.
(Use `node --trace-warnings ...` to show where the warning was created)
(node:2637) Warning: The 'NO_COLOR' env is ignored due to the 'FORCE_COLOR' env being set.
(Use `node --trace-warnings ...` to show where the warning was created)
(node:2639) Warning: The 'NO_COLOR' env is ignored due to the 'FORCE_COLOR' env being set.
(Use `node --trace-warnings ...` to show where the warning was created)
asset main.js 288 KiB [compared for emit] [minimized] [big] (name: main)
asset package-lock.json 113 KiB [compared for emit]
asset package.json 867 bytes [compared for emit]
cacheable modules 548 KiB 94 modules
modules by path external "@nestjs/ 210 bytes
  external "@nestjs/common" 42 bytes [built] [code generated]
  + 4 modules
modules by path external "@bull-board/ 126 bytes
  external "@bull-board/api/bullMQAdapter" 42 bytes [built] [code generated]
  external "@bull-board/api" 42 bytes [built] [code generated]
  external "@bull-board/express" 42 bytes [built] [code generated]
modules by path external "@wrap-roll/ 84 bytes
  external "@wrap-roll/contracts" 42 bytes [built] [code generated]
  external "@wrap-roll/order-kit" 42 bytes [built] [code generated]
modules by path external "@prisma/ 84 bytes
  external "@prisma/client" 42 bytes [built] [code generated]
  external "@prisma/adapter-pg" 42 bytes [built] [code generated]
+ 15 modules
webpack 5.105.4 compiled successfully in 4344 ms



 NX   Successfully ran target build for project api and 2 tasks it depends on


[Nest] 2728  - 05/13/2026, 7:45:28 PM     LOG [NestFactory] Starting Nest application...
--- SUPABASE SERVICE CONSTRUCTOR ---
--- SUPABASE KEYS DETECTED: INITIALIZING CLIENT ---
--- INITIALIZING PRISMA with Adapter-PG (url len: 92 ) ---
--- PRISMA SERVICE CONSTRUCTOR COMPLETING ---
[Nest] 2728  - 05/13/2026, 7:45:28 PM     LOG [InstanceLoader] PrismaModule dependencies initialized +16ms
[Nest] 2728  - 05/13/2026, 7:45:28 PM     LOG [InstanceLoader] BullModule dependencies initialized +0ms
[Nest] 2728  - 05/13/2026, 7:45:28 PM     LOG [InstanceLoader] ThrottlerModule dependencies initialized +0ms
[Nest] 2728  - 05/13/2026, 7:45:28 PM     LOG [InstanceLoader] AuthModule dependencies initialized +0ms
[Nest] 2728  - 05/13/2026, 7:45:28 PM     LOG [InstanceLoader] DiscoveryModule dependencies initialized +1ms
[Nest] 2728  - 05/13/2026, 7:45:28 PM     LOG [InstanceLoader] OutboxModule dependencies initialized +0ms
[Nest] 2728  - 05/13/2026, 7:45:28 PM     LOG [InstanceLoader] LocationModule dependencies initialized +0ms
[Nest] 2728  - 05/13/2026, 7:45:28 PM     LOG [InstanceLoader] MenuModule dependencies initialized +1ms
[Nest] 2728  - 05/13/2026, 7:45:28 PM     LOG [InstanceLoader] CustomerModule dependencies initialized +0ms
[Nest] 2728  - 05/13/2026, 7:45:28 PM     LOG [InstanceLoader] InventoryModule dependencies initialized +0ms
[Nest] 2728  - 05/13/2026, 7:45:28 PM     LOG [InstanceLoader] AnalyticsModule dependencies initialized +0ms
[Nest] 2728  - 05/13/2026, 7:45:28 PM     LOG [InstanceLoader] BullModule dependencies initialized +0ms
[Nest] 2728  - 05/13/2026, 7:45:28 PM     LOG [InstanceLoader] BullModule dependencies initialized +0ms
[Nest] 2728  - 05/13/2026, 7:45:28 PM     LOG [InstanceLoader] AppModule dependencies initialized +0ms
[Nest] 2728  - 05/13/2026, 7:45:28 PM     LOG [InstanceLoader] ActivityModule dependencies initialized +0ms
[Nest] 2728  - 05/13/2026, 7:45:28 PM     LOG [InstanceLoader] CouponModule dependencies initialized +0ms
[Nest] 2728  - 05/13/2026, 7:45:28 PM     LOG [InstanceLoader] PrintModule dependencies initialized +0ms
[Nest] 2728  - 05/13/2026, 7:45:28 PM     LOG [InstanceLoader] SettingsModule dependencies initialized +0ms
[Nest] 2728  - 05/13/2026, 7:45:28 PM     LOG [InstanceLoader] StaffModule dependencies initialized +0ms
[Nest] 2728  - 05/13/2026, 7:45:28 PM     LOG [InstanceLoader] NotificationModule dependencies initialized +0ms
[Nest] 2728  - 05/13/2026, 7:45:28 PM     LOG [InstanceLoader] SupervisorModule dependencies initialized +0ms
[Nest] 2728  - 05/13/2026, 7:45:28 PM     LOG [InstanceLoader] PaymentModule dependencies initialized +0ms
[Nest] 2728  - 05/13/2026, 7:45:28 PM     LOG [InstanceLoader] OrderModule dependencies initialized +0ms
[Nest] 2728  - 05/13/2026, 7:45:28 PM     LOG [InstanceLoader] QueueModule dependencies initialized +0ms
[Nest] 2728  - 05/13/2026, 7:45:28 PM     LOG CORS allow-list: 12 origin(s)
[Nest] 2728  - 05/13/2026, 7:45:28 PM     LOG Swagger UI: /docs
[Nest] 2728  - 05/13/2026, 7:45:28 PM     LOG Bull Board UI: /api/queues
[Nest] 2728  - 05/13/2026, 7:45:28 PM     LOG [QueueService] {"msg":"bullmq.bootstrap","target":"api","enabled":true,"prefix":"wraproll"}
[Nest] 2728  - 05/13/2026, 7:45:28 PM     LOG [RoutesResolver] AppController {/api}: +0ms
[Nest] 2728  - 05/13/2026, 7:45:28 PM     LOG [RouterExplorer] Mapped {/api, GET} route +1ms
[Nest] 2728  - 05/13/2026, 7:45:28 PM     LOG [RoutesResolver] ActivityController {/api/activity}: +0ms
[Nest] 2728  - 05/13/2026, 7:45:28 PM     LOG [RouterExplorer] Mapped {/api/activity/count-before, GET} route +1ms
[Nest] 2728  - 05/13/2026, 7:45:28 PM     LOG [RouterExplorer] Mapped {/api/activity/purge, POST} route +0ms
[Nest] 2728  - 05/13/2026, 7:45:28 PM     LOG [RouterExplorer] Mapped {/api/activity, GET} route +0ms
[Nest] 2728  - 05/13/2026, 7:45:28 PM     LOG [RouterExplorer] Mapped {/api/activity/orders/:orderId, GET} route +0ms
[Nest] 2728  - 05/13/2026, 7:45:28 PM     LOG [RoutesResolver] CouponController {/api/coupon}: +0ms
[Nest] 2728  - 05/13/2026, 7:45:28 PM     LOG [RouterExplorer] Mapped {/api/coupon/validate, POST} route +0ms
[Nest] 2728  - 05/13/2026, 7:45:28 PM     LOG [RoutesResolver] AdminCouponController {/api/admin/coupons}: +0ms
[Nest] 2728  - 05/13/2026, 7:45:28 PM     LOG [RouterExplorer] Mapped {/api/admin/coupons, GET} route +0ms
[Nest] 2728  - 05/13/2026, 7:45:28 PM     LOG [RouterExplorer] Mapped {/api/admin/coupons, POST} route +0ms
[Nest] 2728  - 05/13/2026, 7:45:28 PM     LOG [RouterExplorer] Mapped {/api/admin/coupons/:id, PATCH} route +0ms
[Nest] 2728  - 05/13/2026, 7:45:28 PM     LOG [RouterExplorer] Mapped {/api/admin/coupons/:id, DELETE} route +0ms
[Nest] 2728  - 05/13/2026, 7:45:28 PM     LOG [RoutesResolver] MenuController {/api/menu}: +0ms
[Nest] 2728  - 05/13/2026, 7:45:28 PM     LOG [RouterExplorer] Mapped {/api/menu, GET} route +0ms
[Nest] 2728  - 05/13/2026, 7:45:28 PM     LOG [RouterExplorer] Mapped {/api/menu/categories, GET} route +0ms
[Nest] 2728  - 05/13/2026, 7:45:28 PM     LOG [RouterExplorer] Mapped {/api/menu/:id/info, GET} route +0ms
[Nest] 2728  - 05/13/2026, 7:45:28 PM     LOG [RouterExplorer] Mapped {/api/menu/categories, POST} route +0ms
[Nest] 2728  - 05/13/2026, 7:45:28 PM     LOG [RouterExplorer] Mapped {/api/menu/categories/:id, PATCH} route +0ms
[Nest] 2728  - 05/13/2026, 7:45:28 PM     LOG [RouterExplorer] Mapped {/api/menu/categories/:id, DELETE} route +0ms
[Nest] 2728  - 05/13/2026, 7:45:28 PM     LOG [RouterExplorer] Mapped {/api/menu/:id, GET} route +0ms
[Nest] 2728  - 05/13/2026, 7:45:28 PM     LOG [RouterExplorer] Mapped {/api/menu, POST} route +0ms
[Nest] 2728  - 05/13/2026, 7:45:28 PM     LOG [RouterExplorer] Mapped {/api/menu/:id/recipe, GET} route +0ms
[Nest] 2728  - 05/13/2026, 7:45:28 PM     LOG [RouterExplorer] Mapped {/api/menu/:id/recipe, PUT} route +0ms
[Nest] 2728  - 05/13/2026, 7:45:28 PM     LOG [RouterExplorer] Mapped {/api/menu/:id/modifier-deltas, GET} route +1ms
[Nest] 2728  - 05/13/2026, 7:45:28 PM     LOG [RouterExplorer] Mapped {/api/menu/:id/modifier-deltas, PUT} route +0ms
[Nest] 2728  - 05/13/2026, 7:45:28 PM     LOG [RouterExplorer] Mapped {/api/menu/:id/recipe/line, POST} route +0ms
[Nest] 2728  - 05/13/2026, 7:45:28 PM     LOG [RouterExplorer] Mapped {/api/menu/:id/recipe/line/:ingredientId, DELETE} route +0ms
[Nest] 2728  - 05/13/2026, 7:45:28 PM     LOG [RouterExplorer] Mapped {/api/menu/:id/availability, PATCH} route +0ms
[Nest] 2728  - 05/13/2026, 7:45:28 PM     LOG [RouterExplorer] Mapped {/api/menu/:id, PATCH} route +0ms
[Nest] 2728  - 05/13/2026, 7:45:28 PM     LOG [RouterExplorer] Mapped {/api/menu/:id, DELETE} route +0ms
[Nest] 2728  - 05/13/2026, 7:45:28 PM     LOG [RoutesResolver] StaffController {/api/staff}: +0ms
[Nest] 2728  - 05/13/2026, 7:45:28 PM     LOG [RouterExplorer] Mapped {/api/staff/users, GET} route +0ms
[Nest] 2728  - 05/13/2026, 7:45:28 PM     LOG [RouterExplorer] Mapped {/api/staff/audit-logs, GET} route +0ms
[Nest] 2728  - 05/13/2026, 7:45:28 PM     LOG [RouterExplorer] Mapped {/api/staff/users, POST} route +0ms
[Nest] 2728  - 05/13/2026, 7:45:28 PM     LOG [RouterExplorer] Mapped {/api/staff/users/:id, PATCH} route +0ms
[Nest] 2728  - 05/13/2026, 7:45:28 PM     LOG [RouterExplorer] Mapped {/api/staff/users/bulk, POST} route +0ms
[Nest] 2728  - 05/13/2026, 7:45:28 PM     LOG [RouterExplorer] Mapped {/api/staff/couriers, GET} route +0ms
[Nest] 2728  - 05/13/2026, 7:45:28 PM     LOG [RouterExplorer] Mapped {/api/staff/couriers, POST} route +0ms
[Nest] 2728  - 05/13/2026, 7:45:28 PM     LOG [RouterExplorer] Mapped {/api/staff/couriers/queue, GET} route +0ms
[Nest] 2728  - 05/13/2026, 7:45:28 PM     LOG [RouterExplorer] Mapped {/api/staff/couriers/:id/status, PATCH} route +0ms
[Nest] 2728  - 05/13/2026, 7:45:28 PM     LOG [RoutesResolver] SupervisorController {/api/supervisor}: +0ms
[Nest] 2728  - 05/13/2026, 7:45:28 PM     LOG [RouterExplorer] Mapped {/api/supervisor/challenge, POST} route +0ms
[Nest] 2728  - 05/13/2026, 7:45:28 PM     LOG [RouterExplorer] Mapped {/api/supervisor/privileged/ping, POST} route +0ms
[Nest] 2728  - 05/13/2026, 7:45:28 PM     LOG [RouterExplorer] Mapped {/api/supervisor/pins/:staffUserId, PATCH} route +0ms
[Nest] 2728  - 05/13/2026, 7:45:28 PM     LOG [RoutesResolver] CustomerController {/api/customer}: +0ms
[Nest] 2728  - 05/13/2026, 7:45:28 PM     LOG [RouterExplorer] Mapped {/api/customer/sync, POST} route +0ms
[Nest] 2728  - 05/13/2026, 7:45:28 PM     LOG [RouterExplorer] Mapped {/api/customer/profile, GET} route +0ms
[Nest] 2728  - 05/13/2026, 7:45:28 PM     LOG [RouterExplorer] Mapped {/api/customer/history, GET} route +0ms
[Nest] 2728  - 05/13/2026, 7:45:28 PM     LOG [RouterExplorer] Mapped {/api/customer/profile, PUT} route +0ms
[Nest] 2728  - 05/13/2026, 7:45:28 PM     LOG [RouterExplorer] Mapped {/api/customer/address-book, GET} route +0ms
[Nest] 2728  - 05/13/2026, 7:45:28 PM     LOG [RouterExplorer] Mapped {/api/customer/address, PUT} route +0ms
[Nest] 2728  - 05/13/2026, 7:45:28 PM     LOG [RouterExplorer] Mapped {/api/customer/saved-cards, GET} route +0ms
[Nest] 2728  - 05/13/2026, 7:45:28 PM     LOG [RouterExplorer] Mapped {/api/customer/card, PUT} route +0ms
[Nest] 2728  - 05/13/2026, 7:45:28 PM     LOG [RouterExplorer] Mapped {/api/customer/intake-by-phone, GET} route +0ms
[Nest] 2728  - 05/13/2026, 7:45:28 PM     LOG [RouterExplorer] Mapped {/api/customer/admin/list, GET} route +0ms
[Nest] 2728  - 05/13/2026, 7:45:28 PM     LOG [RouterExplorer] Mapped {/api/customer/admin/:id, GET} route +0ms
[Nest] 2728  - 05/13/2026, 7:45:28 PM     LOG [RouterExplorer] Mapped {/api/customer/admin/:id, PATCH} route +0ms
[Nest] 2728  - 05/13/2026, 7:45:28 PM     LOG [RoutesResolver] OrderController {/api/orders}: +0ms
[Nest] 2728  - 05/13/2026, 7:45:28 PM     LOG [RouterExplorer] Mapped {/api/orders, POST} route +0ms
[Nest] 2728  - 05/13/2026, 7:45:28 PM     LOG [RouterExplorer] Mapped {/api/orders, GET} route +0ms
[Nest] 2728  - 05/13/2026, 7:45:28 PM     LOG [RouterExplorer] Mapped {/api/orders/admin/dashboard-list, GET} route +0ms
[Nest] 2728  - 05/13/2026, 7:45:28 PM     LOG [RouterExplorer] Mapped {/api/orders/queue, GET} route +0ms
[Nest] 2728  - 05/13/2026, 7:45:28 PM     LOG [RouterExplorer] Mapped {/api/orders/queue/stream, GET} route +0ms
[Nest] 2728  - 05/13/2026, 7:45:28 PM     LOG [RouterExplorer] Mapped {/api/orders/reconciliation/summary, GET} route +0ms
[Nest] 2728  - 05/13/2026, 7:45:28 PM     LOG [RouterExplorer] Mapped {/api/orders/delivery-quote, GET} route +0ms
[Nest] 2728  - 05/13/2026, 7:45:28 PM     LOG [RouterExplorer] Mapped {/api/orders/support/search, GET} route +0ms
[Nest] 2728  - 05/13/2026, 7:45:28 PM     LOG [RouterExplorer] Mapped {/api/orders/support/:id, GET} route +1ms
[Nest] 2728  - 05/13/2026, 7:45:28 PM     LOG [RouterExplorer] Mapped {/api/orders/:id/payment-events, GET} route +0ms
[Nest] 2728  - 05/13/2026, 7:45:28 PM     LOG [RouterExplorer] Mapped {/api/orders/activity, GET} route +0ms
[Nest] 2728  - 05/13/2026, 7:45:28 PM     LOG [RouterExplorer] Mapped {/api/orders/:id/activity, GET} route +0ms
[Nest] 2728  - 05/13/2026, 7:45:28 PM     LOG [RouterExplorer] Mapped {/api/orders/track/:id, GET} route +0ms
[Nest] 2728  - 05/13/2026, 7:45:28 PM     LOG [RouterExplorer] Mapped {/api/orders/:id, GET} route +0ms
[Nest] 2728  - 05/13/2026, 7:45:28 PM     LOG [RouterExplorer] Mapped {/api/orders/:id/status, PATCH} route +0ms
[Nest] 2728  - 05/13/2026, 7:45:28 PM     LOG [RouterExplorer] Mapped {/api/orders/:id/courier, PATCH} route +0ms
[Nest] 2728  - 05/13/2026, 7:45:28 PM     LOG [RouterExplorer] Mapped {/api/orders/:id/delivery-attempt, PATCH} route +0ms
[Nest] 2728  - 05/13/2026, 7:45:28 PM     LOG [RouterExplorer] Mapped {/api/orders/:id/handover, PATCH} route +0ms
[Nest] 2728  - 05/13/2026, 7:45:28 PM     LOG [RouterExplorer] Mapped {/api/orders/:id/mark-cash-received, PATCH} route +0ms
[Nest] 2728  - 05/13/2026, 7:45:28 PM     LOG [RouterExplorer] Mapped {/api/orders/:id/mark-payment-received, PATCH} route +0ms
[Nest] 2728  - 05/13/2026, 7:45:28 PM     LOG [RouterExplorer] Mapped {/api/orders/:id/support, PATCH} route +0ms
[Nest] 2728  - 05/13/2026, 7:45:28 PM     LOG [RouterExplorer] Mapped {/api/orders/:id/line-items, PATCH} route +0ms
[Nest] 2728  - 05/13/2026, 7:45:28 PM     LOG [RouterExplorer] Mapped {/api/orders/:id/email-receipt, POST} route +0ms
[Nest] 2728  - 05/13/2026, 7:45:28 PM     LOG [RoutesResolver] LocationController {/api/location}: +0ms
[Nest] 2728  - 05/13/2026, 7:45:28 PM     LOG [RouterExplorer] Mapped {/api/location/autocomplete, GET} route +0ms
[Nest] 2728  - 05/13/2026, 7:45:28 PM     LOG [RouterExplorer] Mapped {/api/location/place/:id, GET} route +0ms
[Nest] 2728  - 05/13/2026, 7:45:28 PM     LOG [RouterExplorer] Mapped {/api/location/reverse-geocode, GET} route +0ms
[Nest] 2728  - 05/13/2026, 7:45:28 PM     LOG [RoutesResolver] NotificationController {/api/notifications}: +0ms
[Nest] 2728  - 05/13/2026, 7:45:28 PM     LOG [RouterExplorer] Mapped {/api/notifications/deliveries, GET} route +0ms
[Nest] 2728  - 05/13/2026, 7:45:28 PM     LOG [RouterExplorer] Mapped {/api/notifications/inbox, GET} route +0ms
[Nest] 2728  - 05/13/2026, 7:45:28 PM     LOG [RouterExplorer] Mapped {/api/notifications/inbox/:id/read, PATCH} route +0ms
[Nest] 2728  - 05/13/2026, 7:45:28 PM     LOG [RouterExplorer] Mapped {/api/notifications/inbox/read-all, PATCH} route +0ms
[Nest] 2728  - 05/13/2026, 7:45:28 PM     LOG [RoutesResolver] PaymentController {/api/payment}: +0ms
[Nest] 2728  - 05/13/2026, 7:45:28 PM     LOG [RouterExplorer] Mapped {/api/payment/hash, POST} route +0ms
[Nest] 2728  - 05/13/2026, 7:45:28 PM     LOG [RouterExplorer] Mapped {/api/payment/abort/:orderId, POST} route +0ms
[Nest] 2728  - 05/13/2026, 7:45:28 PM     LOG [RouterExplorer] Mapped {/api/payment/webhook, POST} route +0ms
[Nest] 2728  - 05/13/2026, 7:45:28 PM     LOG [RouterExplorer] Mapped {/api/payment/reconcile/:orderId, POST} route +0ms
[Nest] 2728  - 05/13/2026, 7:45:28 PM     LOG [RoutesResolver] PrintController {/api/print}: +0ms
[Nest] 2728  - 05/13/2026, 7:45:28 PM     LOG [RouterExplorer] Mapped {/api/print/receipt/:orderId/regenerate, GET} route +0ms
[Nest] 2728  - 05/13/2026, 7:45:28 PM     LOG [RouterExplorer] Mapped {/api/print/receipt/:orderId, GET} route +0ms
[Nest] 2728  - 05/13/2026, 7:45:28 PM     LOG [RouterExplorer] Mapped {/api/print/kitchen/:orderId, GET} route +0ms
[Nest] 2728  - 05/13/2026, 7:45:28 PM     LOG [RoutesResolver] InventoryController {/api/inventory}: +0ms
[Nest] 2728  - 05/13/2026, 7:45:28 PM     LOG [RouterExplorer] Mapped {/api/inventory, GET} route +0ms
[Nest] 2728  - 05/13/2026, 7:45:28 PM     LOG [RouterExplorer] Mapped {/api/inventory, POST} route +0ms
[Nest] 2728  - 05/13/2026, 7:45:28 PM     LOG [RouterExplorer] Mapped {/api/inventory/:id, PATCH} route +0ms
[Nest] 2728  - 05/13/2026, 7:45:28 PM     LOG [RouterExplorer] Mapped {/api/inventory/restock, POST} route +0ms
[Nest] 2728  - 05/13/2026, 7:45:28 PM     LOG [RouterExplorer] Mapped {/api/inventory/waste, POST} route +0ms
[Nest] 2728  - 05/13/2026, 7:45:28 PM     LOG [RouterExplorer] Mapped {/api/inventory/adjust, POST} route +0ms
[Nest] 2728  - 05/13/2026, 7:45:28 PM     LOG [RouterExplorer] Mapped {/api/inventory/:id/movements, GET} route +0ms
[Nest] 2728  - 05/13/2026, 7:45:28 PM     LOG [RouterExplorer] Mapped {/api/inventory/:id/valuations, GET} route +0ms
[Nest] 2728  - 05/13/2026, 7:45:28 PM     LOG [RouterExplorer] Mapped {/api/inventory/overhead, POST} route +0ms
[Nest] 2728  - 05/13/2026, 7:45:28 PM     LOG [RouterExplorer] Mapped {/api/inventory/overhead/list, GET} route +1ms
[Nest] 2728  - 05/13/2026, 7:45:28 PM     LOG [RouterExplorer] Mapped {/api/inventory/:id, DELETE} route +0ms
[Nest] 2728  - 05/13/2026, 7:45:28 PM     LOG [RoutesResolver] AnalyticsController {/api/analytics}: +0ms
[Nest] 2728  - 05/13/2026, 7:45:28 PM     LOG [RouterExplorer] Mapped {/api/analytics/sales/daily, GET} route +0ms
[Nest] 2728  - 05/13/2026, 7:45:28 PM     LOG [RouterExplorer] Mapped {/api/analytics/sales, GET} route +0ms
[Nest] 2728  - 05/13/2026, 7:45:28 PM     LOG [RouterExplorer] Mapped {/api/analytics/margins, GET} route +0ms
[Nest] 2728  - 05/13/2026, 7:45:28 PM     LOG [RouterExplorer] Mapped {/api/analytics/margin/gross, GET} route +0ms
[Nest] 2728  - 05/13/2026, 7:45:28 PM     LOG [RouterExplorer] Mapped {/api/analytics/payments/reconciliation, GET} route +0ms
[Nest] 2728  - 05/13/2026, 7:45:28 PM     LOG [RouterExplorer] Mapped {/api/analytics/pipeline, GET} route +0ms
[Nest] 2728  - 05/13/2026, 7:45:28 PM     LOG [RouterExplorer] Mapped {/api/analytics/top-sellers, GET} route +0ms
[Nest] 2728  - 05/13/2026, 7:45:28 PM     LOG [RouterExplorer] Mapped {/api/analytics/inventory/daily-consumption, GET} route +0ms
[Nest] 2728  - 05/13/2026, 7:45:28 PM     LOG [RoutesResolver] SettingsController {/api}: +0ms
[Nest] 2728  - 05/13/2026, 7:45:28 PM     LOG [RouterExplorer] Mapped {/api/settings, GET} route +0ms
[Nest] 2728  - 05/13/2026, 7:45:28 PM     LOG [RouterExplorer] Mapped {/api/admin/settings, GET} route +0ms
[Nest] 2728  - 05/13/2026, 7:45:28 PM     LOG [RouterExplorer] Mapped {/api/admin/settings, PUT} route +0ms
[Nest] 2728  - 05/13/2026, 7:45:28 PM     LOG [RoutesResolver] QueueController {/api/queue/infra}: +0ms
[Nest] 2728  - 05/13/2026, 7:45:28 PM     LOG [RouterExplorer] Mapped {/api/queue/infra/health, GET} route +0ms
--- PRISMA ATTEMPTING CONNECT ---
--- PRISMA CONNECTED SUCCESSFULLY ---
[Nest] 2728  - 05/13/2026, 7:45:28 PM     LOG [NestApplication] Nest application successfully started +28ms
[Nest] 2728  - 05/13/2026, 7:45:28 PM     LOG Application listening on 0.0.0.0:4000/api
MENU_REQUEST_RECEIVED { search: '', categoryId: undefined }
PRISMA_HANDSHAKE: found 36 active items (search="", categoryId="")
MENU_REQUEST_RECEIVED { search: undefined, categoryId: undefined }
PRISMA_HANDSHAKE: found 36 active items (search="", categoryId="")
MENU_REQUEST_RECEIVED { search: undefined, categoryId: undefined }
PRISMA_HANDSHAKE: found 36 active items (search="", categoryId="")
MENU_REQUEST_RECEIVED { search: undefined, categoryId: undefined }
MENU_REQUEST_RECEIVED { search: '', categoryId: undefined }
PRISMA_HANDSHAKE: found 36 active items (search="", categoryId="")
PRISMA_HANDSHAKE: found 36 active items (search="", categoryId="")
MENU_REQUEST_RECEIVED { search: '', categoryId: undefined }
MENU_REQUEST_RECEIVED { search: undefined, categoryId: undefined }
PRISMA_HANDSHAKE: found 36 active items (search="", categoryId="")
PRISMA_HANDSHAKE: found 36 active items (search="", categoryId="")
MENU_REQUEST_RECEIVED { search: '', categoryId: undefined }
PRISMA_HANDSHAKE: found 36 active items (search="", categoryId="")
MENU_REQUEST_RECEIVED { search: '', categoryId: undefined }
PRISMA_HANDSHAKE: found 36 active items (search="", categoryId="")
MENU_REQUEST_RECEIVED { search: '', categoryId: undefined }
PRISMA_HANDSHAKE: found 36 active items (search="", categoryId="")
sh: line 1:  2728 Killed: 9               DOTENV_CONFIG_PATH=services/api/.env PORT=4000 node -r dotenv/config dist/services/api/main.js
