
> wrap-and-roll@0.0.0 start:cashier
> nx run cashier:dev --port=3002


> nx run cashier:dev --port=3002

> next dev --port=3002

(node:2560) Warning: The 'NO_COLOR' env is ignored due to the 'FORCE_COLOR' env being set.
(Use `node --trace-warnings ...` to show where the warning was created)
(node:2569) Warning: The 'NO_COLOR' env is ignored due to the 'FORCE_COLOR' env being set.
(Use `node --trace-warnings ...` to show where the warning was created)
(node:2595) Warning: The 'NO_COLOR' env is ignored due to the 'FORCE_COLOR' env being set.
(Use `node --trace-warnings ...` to show where the warning was created)
(node:2594) Warning: The 'NO_COLOR' env is ignored due to the 'FORCE_COLOR' env being set.
(Use `node --trace-warnings ...` to show where the warning was created)
(node:2598) Warning: The 'NO_COLOR' env is ignored due to the 'FORCE_COLOR' env being set.
(Use `node --trace-warnings ...` to show where the warning was created)
(node:2597) Warning: The 'NO_COLOR' env is ignored due to the 'FORCE_COLOR' env being set.
(Use `node --trace-warnings ...` to show where the warning was created)
(node:2596) Warning: The 'NO_COLOR' env is ignored due to the 'FORCE_COLOR' env being set.
(Use `node --trace-warnings ...` to show where the warning was created)
(node:2599) Warning: The 'NO_COLOR' env is ignored due to the 'FORCE_COLOR' env being set.
(Use `node --trace-warnings ...` to show where the warning was created)
▲ Next.js 16.1.7 (Turbopack)
- Local:         http://localhost:3002
- Network:       http://192.168.1.2:3002
- Environments: .env.local

✓ Starting...
✓ Ready in 3s
(node:3693) Warning: The 'NO_COLOR' env is ignored due to the 'FORCE_COLOR' env being set.
(Use `node --trace-warnings ...` to show where the warning was created)
 GET /auth/signin?returnTo=%2F 200 in 1085ms (compile: 940ms, render: 145ms)
 GET /api/auth/csrf 200 in 56ms (compile: 49ms, render: 7ms)
 POST /api/auth/signin 200 in 2.7s (compile: 24ms, render: 2.7s)
 GET / 200 in 43ms (compile: 35ms, render: 8ms)
 GET /api/auth/session 200 in 146ms (compile: 13ms, render: 132ms)
(node:3771) Warning: The 'NO_COLOR' env is ignored due to the 'FORCE_COLOR' env being set.
(Use `node --trace-warnings ...` to show where the warning was created)
 GET /api/auth/session 200 in 137ms (compile: 1315µs, render: 136ms)
 GET /api/nest/settings 200 in 531ms (compile: 396ms, render: 135ms)
 GET /api/nest/settings 200 in 550ms (compile: 395ms, render: 155ms)
 GET /api/nest/menu?limit=100 200 in 965ms (compile: 395ms, render: 570ms)
(node:3779) Warning: The 'NO_COLOR' env is ignored due to the 'FORCE_COLOR' env being set.
(Use `node --trace-warnings ...` to show where the warning was created)
 GET /api/nest/menu?limit=100 200 in 303ms (compile: 5ms, render: 298ms)
(node:4117) Warning: The 'NO_COLOR' env is ignored due to the 'FORCE_COLOR' env being set.
(Use `node --trace-warnings ...` to show where the warning was created)
 GET /api/auth/session 200 in 262ms (compile: 17ms, render: 245ms)
 GET /api/nest/orders/reconciliation/summary?date=2026-05-13 200 in 614ms (compile: 10ms, render: 604ms)
 GET /api/nest/orders/queue?status=placed,paid,in_kitchen,ready,in_transit,delivered,cancelled,voided,refunded&date=2026-05-13 200 in 921ms (compile: 7ms, render: 914ms)
 GET /api/auth/session 200 in 260ms (compile: 3ms, render: 257ms)
(node:4153) Warning: The 'NO_COLOR' env is ignored due to the 'FORCE_COLOR' env being set.
(Use `node --trace-warnings ...` to show where the warning was created)
 GET /api/nest/orders/queue?status=placed,paid,in_kitchen,ready,in_transit,delivered,cancelled,voided,refunded&date=2026-05-13 200 in 955ms (compile: 3ms, render: 951ms)
(node:4169) Warning: The 'NO_COLOR' env is ignored due to the 'FORCE_COLOR' env being set.
(Use `node --trace-warnings ...` to show where the warning was created)
 GET /api/nest/orders/reconciliation/summary?date=2026-05-13 200 in 603ms (compile: 7ms, render: 596ms)
 GET /api/auth/session 200 in 196ms (compile: 808µs, render: 196ms)
 GET /api/nest/orders/queue?status=placed,paid,in_kitchen,ready,in_transit,delivered,cancelled,voided,refunded&date=2026-05-13 200 in 918ms (compile: 4ms, render: 914ms)
(node:4205) Warning: The 'NO_COLOR' env is ignored due to the 'FORCE_COLOR' env being set.
(Use `node --trace-warnings ...` to show where the warning was created)
 GET /api/auth/session 200 in 297ms (compile: 765µs, render: 296ms)
 GET /api/nest/orders/queue?status=placed,paid,in_kitchen,ready,in_transit,delivered,cancelled,voided,refunded&date=2026-05-13 200 in 926ms (compile: 5ms, render: 921ms)
(node:4236) Warning: The 'NO_COLOR' env is ignored due to the 'FORCE_COLOR' env being set.
(Use `node --trace-warnings ...` to show where the warning was created)
 GET /api/auth/session 200 in 442ms (compile: 3ms, render: 439ms)
 GET /api/nest/orders/queue?status=placed,paid,in_kitchen,ready,in_transit,delivered,cancelled,voided,refunded&date=2026-05-13 200 in 932ms (compile: 5ms, render: 927ms)
(node:4252) Warning: The 'NO_COLOR' env is ignored due to the 'FORCE_COLOR' env being set.
(Use `node --trace-warnings ...` to show where the warning was created)
 GET /api/nest/customer/admin/list?page=1&limit=24&sortBy=name&sortDir=asc 200 in 1131ms (compile: 4ms, render: 1127ms)
(node:4263) Warning: The 'NO_COLOR' env is ignored due to the 'FORCE_COLOR' env being set.
(Use `node --trace-warnings ...` to show where the warning was created)
 GET /api/auth/session 200 in 148ms (compile: 3ms, render: 146ms)
 GET /api/nest/orders/reconciliation/summary?date=2026-05-13 200 in 631ms (compile: 5ms, render: 625ms)
 GET /api/nest/orders/queue?status=placed,paid,in_kitchen,ready,in_transit,delivered,cancelled,voided,refunded&date=2026-05-13 200 in 877ms (compile: 3ms, render: 874ms)
(node:4269) Warning: The 'NO_COLOR' env is ignored due to the 'FORCE_COLOR' env being set.
(Use `node --trace-warnings ...` to show where the warning was created)
 GET /api/nest/orders/reconciliation/summary?date=2026-05-13 200 in 623ms (compile: 7ms, render: 616ms)
 GET /api/nest/orders/queue?status=placed,paid,in_kitchen,ready,in_transit,delivered,cancelled,voided,refunded&date=2026-05-13 200 in 891ms (compile: 4ms, render: 887ms)
(node:4280) Warning: The 'NO_COLOR' env is ignored due to the 'FORCE_COLOR' env being set.
(Use `node --trace-warnings ...` to show where the warning was created)
 GET /api/nest/customer/admin/list?page=1&limit=24&sortBy=name&sortDir=asc 200 in 966ms (compile: 4ms, render: 962ms)
(node:4292) Warning: The 'NO_COLOR' env is ignored due to the 'FORCE_COLOR' env being set.
(Use `node --trace-warnings ...` to show where the warning was created)
 GET /api/auth/session 200 in 255ms (compile: 3ms, render: 253ms)
 GET /api/nest/orders/reconciliation/summary?date=2026-05-13 200 in 557ms (compile: 6ms, render: 551ms)
 GET /api/nest/orders/queue?status=placed,paid,in_kitchen,ready,in_transit,delivered,cancelled,voided,refunded&date=2026-05-13 200 in 918ms (compile: 3ms, render: 915ms)
 GET /api/auth/session 200 in 216ms (compile: 3ms, render: 213ms)
(node:4338) Warning: The 'NO_COLOR' env is ignored due to the 'FORCE_COLOR' env being set.
(Use `node --trace-warnings ...` to show where the warning was created)
 GET /api/nest/orders/queue?status=placed,paid,in_kitchen,ready,in_transit,delivered,cancelled,voided,refunded&date=2026-05-13 200 in 963ms (compile: 4ms, render: 959ms)
 GET /api/auth/session 200 in 196ms (compile: 1953µs, render: 194ms)
(node:4372) Warning: The 'NO_COLOR' env is ignored due to the 'FORCE_COLOR' env being set.
(Use `node --trace-warnings ...` to show where the warning was created)
 GET /api/nest/orders/queue?status=placed,paid,in_kitchen,ready,in_transit,delivered,cancelled,voided,refunded&date=2026-05-13 200 in 935ms (compile: 4ms, render: 931ms)
 GET /api/auth/session 200 in 229ms (compile: 3ms, render: 226ms)
(node:4404) Warning: The 'NO_COLOR' env is ignored due to the 'FORCE_COLOR' env being set.
(Use `node --trace-warnings ...` to show where the warning was created)
 GET /api/nest/orders/queue?status=placed,paid,in_kitchen,ready,in_transit,delivered,cancelled,voided,refunded&date=2026-05-13 200 in 964ms (compile: 4ms, render: 961ms)
 GET /api/auth/session 200 in 308ms (compile: 2ms, render: 305ms)
(node:4435) Warning: The 'NO_COLOR' env is ignored due to the 'FORCE_COLOR' env being set.
(Use `node --trace-warnings ...` to show where the warning was created)
(node:4441) Warning: The 'NO_COLOR' env is ignored due to the 'FORCE_COLOR' env being set.
(Use `node --trace-warnings ...` to show where the warning was created)
 GET /api/nest/orders/queue?status=placed,paid,in_kitchen,ready,in_transit,delivered,cancelled,voided,refunded&date=2026-05-13 200 in 970ms (compile: 4ms, render: 966ms)
 GET /api/nest/orders/reconciliation/summary?date=2026-05-13 200 in 653ms (compile: 4ms, render: 649ms)
 GET /api/nest/orders/queue?status=placed,paid,in_kitchen,ready,in_transit,delivered,cancelled,voided,refunded&date=2026-05-13 200 in 812ms (compile: 939µs, render: 811ms)
 GET /api/auth/session 200 in 185ms (compile: 3ms, render: 183ms)
✓ Compiled in 313ms
 GET / 200 in 625ms (compile: 161ms, render: 464ms)
 GET / 200 in 226ms (compile: 4ms, render: 222ms)
✓ Compiled in 839ms
 GET / 200 in 685ms (compile: 8ms, render: 677ms)
 GET / 200 in 1424ms (compile: 150ms, render: 1274ms)
 GET / 200 in 530ms (compile: 351ms, render: 179ms)
 GET / 200 in 141ms (compile: 24ms, render: 117ms)
(node:6866) Warning: The 'NO_COLOR' env is ignored due to the 'FORCE_COLOR' env being set.
(Use `node --trace-warnings ...` to show where the warning was created)
 GET /api/auth/session 200 in 484ms (compile: 5ms, render: 479ms)
 GET /api/nest/settings 200 in 583ms (compile: 32ms, render: 551ms)
 GET /api/nest/menu?limit=100 200 in 1150ms (compile: 47ms, render: 1104ms)
✓ Compiled in 0ms
 GET / 200 in 1281ms (compile: 209ms, render: 1072ms)
 GET / 200 in 927ms (compile: 29ms, render: 898ms)
 GET / 200 in 1263ms (compile: 7ms, render: 1256ms)
✓ Compiled in 300ms
(node:6915) Warning: The 'NO_COLOR' env is ignored due to the 'FORCE_COLOR' env being set.
(Use `node --trace-warnings ...` to show where the warning was created)
 GET /api/auth/session 200 in 375ms (compile: 20ms, render: 355ms)
 GET /api/nest/settings 200 in 867ms (compile: 35ms, render: 831ms)
 GET /api/nest/menu?limit=100 200 in 1543ms (compile: 43ms, render: 1500ms)
✓ Compiled in 170ms
✓ Compiled in 151ms
Task "cashier:dev" is continuous but exited with code 0



 NX   Running target dev for project cashier failed

Failed tasks:

- cashier:dev

Hint: run the command with --verbose for more details.

