
> wrap-and-roll@0.0.0 start:client
> nx run client:dev --port=3000


 NX   Nx Daemon was not able to compute the project graph.

Log file with the error: /Users/chamal/Desktop/Wrap & Roll/.nx/workspace-data/d/daemon-error.log
Please file an issue at https://github.com/nrwl/nx
Nx Daemon is going to be disabled until you run "nx reset".


> nx run client:dev --port=3000

> next dev --port=3000

(node:2543) Warning: The 'NO_COLOR' env is ignored due to the 'FORCE_COLOR' env being set.
(Use `node --trace-warnings ...` to show where the warning was created)
(node:2567) Warning: The 'NO_COLOR' env is ignored due to the 'FORCE_COLOR' env being set.
(Use `node --trace-warnings ...` to show where the warning was created)
▲ Next.js 16.1.7 (Turbopack)
- Local:         http://localhost:3000
- Network:       http://192.168.1.2:3000
- Environments: .env.local

✓ Starting...
✓ Ready in 3.3s
(node:3532) Warning: The 'NO_COLOR' env is ignored due to the 'FORCE_COLOR' env being set.
(Use `node --trace-warnings ...` to show where the warning was created)
(node:3538) Warning: The 'NO_COLOR' env is ignored due to the 'FORCE_COLOR' env being set.
(Use `node --trace-warnings ...` to show where the warning was created)
 GET /en 200 in 1167ms (compile: 926ms, proxy.ts: 1881µs, render: 239ms)
 GET /en 200 in 50ms (compile: 8ms, proxy.ts: 2ms, render: 39ms)
(node:3670) Warning: The 'NO_COLOR' env is ignored due to the 'FORCE_COLOR' env being set.
(Use `node --trace-warnings ...` to show where the warning was created)
✓ Compiled in 323ms
 GET /en 200 in 612ms (compile: 137ms, proxy.ts: 38ms, render: 437ms)
(node:6805) Warning: The 'NO_COLOR' env is ignored due to the 'FORCE_COLOR' env being set.
(Use `node --trace-warnings ...` to show where the warning was created)
(node:6849) Warning: The 'NO_COLOR' env is ignored due to the 'FORCE_COLOR' env being set.
(Use `node --trace-warnings ...` to show where the warning was created)
 GET /en 200 in 1393ms (compile: 99ms, proxy.ts: 18ms, render: 1276ms)
 GET /en 200 in 1482ms (compile: 235ms, proxy.ts: 4ms, render: 1243ms)
✓ Compiled in 18ms
(node:6892) Warning: The 'NO_COLOR' env is ignored due to the 'FORCE_COLOR' env being set.
(Use `node --trace-warnings ...` to show where the warning was created)
 GET /en 200 in 1050ms (compile: 162ms, proxy.ts: 20ms, render: 868ms)
 GET /en 200 in 1071ms (compile: 19ms, proxy.ts: 10ms, render: 1041ms)
✓ Compiled in 186ms
✓ Compiled in 174ms
✓ Compiled in 57ms
✓ Compiled in 142ms
✓ Compiled in 58ms
✓ Compiled in 56ms
✓ Compiled in 53ms
✓ Compiled in 56ms
✓ Compiled in 54ms
(node:13624) Warning: The 'NO_COLOR' env is ignored due to the 'FORCE_COLOR' env being set.
(Use `node --trace-warnings ...` to show where the warning was created)
 GET /en/profile 200 in 490ms (compile: 443ms, proxy.ts: 18ms, render: 29ms)
(node:13762) Warning: The 'NO_COLOR' env is ignored due to the 'FORCE_COLOR' env being set.
(Use `node --trace-warnings ...` to show where the warning was created)
 GET /en/order/success?id=08b4bdd4-6c7f-4f3a-8707-d80f06c67f86 200 in 295ms (compile: 284ms, proxy.ts: 2ms, render: 9ms)
Task "client:dev" is continuous but exited with code 0



 NX   Running target dev for project client failed

Failed tasks:

- client:dev

Hint: run the command with --verbose for more details.

