
> wrap-and-roll@0.0.0 start:kitchen
> nx run kitchen:dev --port=3003


> nx run kitchen:dev --port=3003

> next dev --port=3003

(node:2559) Warning: The 'NO_COLOR' env is ignored due to the 'FORCE_COLOR' env being set.
(Use `node --trace-warnings ...` to show where the warning was created)
(node:2568) Warning: The 'NO_COLOR' env is ignored due to the 'FORCE_COLOR' env being set.
(Use `node --trace-warnings ...` to show where the warning was created)
(node:2578) Warning: The 'NO_COLOR' env is ignored due to the 'FORCE_COLOR' env being set.
(Use `node --trace-warnings ...` to show where the warning was created)
(node:2582) Warning: The 'NO_COLOR' env is ignored due to the 'FORCE_COLOR' env being set.
(Use `node --trace-warnings ...` to show where the warning was created)
(node:2579) Warning: The 'NO_COLOR' env is ignored due to the 'FORCE_COLOR' env being set.
(Use `node --trace-warnings ...` to show where the warning was created)
(node:2577) Warning: The 'NO_COLOR' env is ignored due to the 'FORCE_COLOR' env being set.
(Use `node --trace-warnings ...` to show where the warning was created)
(node:2581) Warning: The 'NO_COLOR' env is ignored due to the 'FORCE_COLOR' env being set.
(Use `node --trace-warnings ...` to show where the warning was created)
(node:2580) Warning: The 'NO_COLOR' env is ignored due to the 'FORCE_COLOR' env being set.
(Use `node --trace-warnings ...` to show where the warning was created)
▲ Next.js 16.1.7 (Turbopack)
- Local:         http://localhost:3003
- Network:       http://192.168.1.2:3003
- Environments: .env.local

✓ Starting...
✓ Ready in 2.8s
(node:2634) Warning: The 'NO_COLOR' env is ignored due to the 'FORCE_COLOR' env being set.
(Use `node --trace-warnings ...` to show where the warning was created)
(node:2633) Warning: The 'NO_COLOR' env is ignored due to the 'FORCE_COLOR' env being set.
(Use `node --trace-warnings ...` to show where the warning was created)
(node:2631) Warning: The 'NO_COLOR' env is ignored due to the 'FORCE_COLOR' env being set.
(Use `node --trace-warnings ...` to show where the warning was created)
(node:2635) Warning: The 'NO_COLOR' env is ignored due to the 'FORCE_COLOR' env being set.
(Use `node --trace-warnings ...` to show where the warning was created)
(node:2636) Warning: The 'NO_COLOR' env is ignored due to the 'FORCE_COLOR' env being set.
(Use `node --trace-warnings ...` to show where the warning was created)
(node:2632) Warning: The 'NO_COLOR' env is ignored due to the 'FORCE_COLOR' env being set.
(Use `node --trace-warnings ...` to show where the warning was created)
(node:3826) Warning: The 'NO_COLOR' env is ignored due to the 'FORCE_COLOR' env being set.
(Use `node --trace-warnings ...` to show where the warning was created)
 GET / 200 in 933ms (compile: 777ms, render: 156ms)
✓ Compiled in 283ms
 GET / 200 in 395ms (compile: 179ms, render: 215ms)
 GET / 200 in 575ms (compile: 128ms, render: 447ms)
 GET / 200 in 743ms (compile: 204ms, render: 540ms)
 GET / 200 in 784ms (compile: 358ms, render: 425ms)
 GET / 200 in 821ms (compile: 188ms, render: 633ms)
 GET / 200 in 298ms (compile: 16ms, render: 281ms)
✓ Compiled in 161ms
✓ Compiled in 123ms
Task "kitchen:dev" is continuous but exited with code 0



 NX   Running target dev for project kitchen failed

Failed tasks:

- kitchen:dev

Hint: run the command with --verbose for more details.

